Component: ARM Compiler 5.06 update 6 (build 750) Tool: armlink [4d35ed]

==============================================================================

Section Cross References

    main.o(i.main) refers to led.o(i.LED2_OFF) for LED2_OFF
    main.o(i.main) refers to misc.o(i.NVIC_PriorityGroupConfig) for NVIC_PriorityGroupConfig
    main.o(i.main) refers to delay.o(i.delay_init) for delay_init
    main.o(i.main) refers to oled.o(i.OLED_Init) for OLED_Init
    main.o(i.main) refers to ad.o(i.AD_Init) for AD_Init
    main.o(i.main) refers to led.o(i.LED_Init) for LED_Init
    main.o(i.main) refers to usart.o(i.uart_init) for uart_init
    main.o(i.main) refers to sgp30.o(i.SGP30_Init) for SGP30_Init
    main.o(i.main) refers to delay.o(i.delay_ms) for delay_ms
    main.o(i.main) refers to sgp30.o(i.SGP30_Write) for SGP30_Write
    main.o(i.main) refers to sgp30.o(i.SGP30_Read) for SGP30_Read
    main.o(i.main) refers to printfa.o(i.__0printf) for __2printf
    main.o(i.main) refers to dht11.o(i.DHT11_Init) for DHT11_Init
    main.o(i.main) refers to usart.o(i.init) for init
    main.o(i.main) refers to oled.o(i.OLED_ShowCN) for OLED_ShowCN
    main.o(i.main) refers to dht11.o(i.DHT11_Read_Data) for DHT11_Read_Data
    main.o(i.main) refers to printfa.o(i.__0sprintf) for __2sprintf
    main.o(i.main) refers to oled.o(i.OLED_ShowString) for OLED_ShowString
    main.o(i.main) refers to lsens.o(i.Lsens_Get_Val) for Lsens_Get_Val
    main.o(i.main) refers to ad.o(i.Get_Adc_Average) for Get_Adc_Average
    main.o(i.main) refers to fflti.o(.text) for __aeabi_i2f
    main.o(i.main) refers to fdiv.o(.text) for __aeabi_fdiv
    main.o(i.main) refers to fmul.o(.text) for __aeabi_fmul
    main.o(i.main) refers to fadd.o(.text) for __aeabi_fadd
    main.o(i.main) refers to f2d.o(.text) for __aeabi_f2d
    main.o(i.main) refers to cdcmple.o(.text) for __aeabi_cdcmple
    main.o(i.main) refers to cdrcmple.o(.text) for __aeabi_cdrcmple
    main.o(i.main) refers to stm32f10x_gpio.o(i.GPIO_ReadOutputDataBit) for GPIO_ReadOutputDataBit
    main.o(i.main) refers to usart.o(i.POST) for POST
    main.o(i.main) refers to usart.o(i.GET) for GET
    main.o(i.main) refers to main.o(.data) for CO2Data
    system_stm32f10x.o(i.SetSysClock) refers to system_stm32f10x.o(i.SetSysClockTo72) for SetSysClockTo72
    system_stm32f10x.o(i.SystemCoreClockUpdate) refers to system_stm32f10x.o(.data) for SystemCoreClock
    system_stm32f10x.o(i.SystemInit) refers to system_stm32f10x.o(i.SetSysClock) for SetSysClock
    delay.o(i.delay_init) refers to misc.o(i.SysTick_CLKSourceConfig) for SysTick_CLKSourceConfig
    delay.o(i.delay_init) refers to system_stm32f10x.o(.data) for SystemCoreClock
    delay.o(i.delay_init) refers to delay.o(.data) for fac_us
    delay.o(i.delay_ms) refers to delay.o(.data) for fac_ms
    delay.o(i.delay_us) refers to delay.o(.data) for fac_us
    usart.o(i.GET) refers to printfa.o(i.__0sprintf) for __2sprintf
    usart.o(i.GET) refers to usart.o(i.Serial_SendString) for Serial_SendString
    usart.o(i.GET) refers to delay.o(i.delay_ms) for delay_ms
    usart.o(i.GET) refers to usart.o(.conststring) for .conststring
    usart.o(i.POST) refers to usart.o(i.Serial_SendString) for Serial_SendString
    usart.o(i.POST) refers to delay.o(i.delay_ms) for delay_ms
    usart.o(i.POST) refers to printfa.o(i.__0sprintf) for __2sprintf
    usart.o(i.POST) refers to strlen.o(.text) for strlen
    usart.o(i.POST) refers to usart.o(.conststring) for .conststring
    usart.o(i.Serial_SendByte) refers to stm32f10x_usart.o(i.USART_SendData) for USART_SendData
    usart.o(i.Serial_SendByte) refers to stm32f10x_usart.o(i.USART_GetFlagStatus) for USART_GetFlagStatus
    usart.o(i.Serial_SendString) refers to usart.o(i.Serial_SendByte) for Serial_SendByte
    usart.o(i.USART1_IRQHandler) refers to stm32f10x_usart.o(i.USART_GetITStatus) for USART_GetITStatus
    usart.o(i.USART1_IRQHandler) refers to stm32f10x_usart.o(i.USART_ClearITPendingBit) for USART_ClearITPendingBit
    usart.o(i.USART1_IRQHandler) refers to stm32f10x_usart.o(i.USART_ReceiveData) for USART_ReceiveData
    usart.o(i.USART1_IRQHandler) refers to stm32f10x_usart.o(i.USART_GetFlagStatus) for USART_GetFlagStatus
    usart.o(i.USART1_IRQHandler) refers to strstr.o(.text) for strstr
    usart.o(i.USART1_IRQHandler) refers to led.o(i.LED1_ON) for LED1_ON
    usart.o(i.USART1_IRQHandler) refers to led.o(i.LED1_OFF) for LED1_OFF
    usart.o(i.USART1_IRQHandler) refers to led.o(i.Wind_ON) for Wind_ON
    usart.o(i.USART1_IRQHandler) refers to led.o(i.Wind_OFF) for Wind_OFF
    usart.o(i.USART1_IRQHandler) refers to led.o(i.Water_OFF) for Water_OFF
    usart.o(i.USART1_IRQHandler) refers to led.o(i.Water_ON) for Water_ON
    usart.o(i.USART1_IRQHandler) refers to memseta.o(.text) for __aeabi_memclr
    usart.o(i.USART1_IRQHandler) refers to usart.o(.data) for uart_byte_count
[...]
    Removing stm32f10x_pwr.o(i.PWR_BackupAccessCmd), (12 bytes).
    Removing stm32f10x_pwr.o(i.PWR_ClearFlag), (20 bytes).
    Removing stm32f10x_pwr.o(i.PWR_DeInit), (22 bytes).
    Removing stm32f10x_pwr.o(i.PWR_EnterSTANDBYMode), (52 bytes).
    Removing stm32f10x_pwr.o(i.PWR_EnterSTOPMode), (64 bytes).
    Removing stm32f10x_pwr.o(i.PWR_GetFlagStatus), (24 bytes).
    Removing stm32f10x_pwr.o(i.PWR_PVDCmd), (12 bytes).
    Removing stm32f10x_pwr.o(i.PWR_PVDLevelConfig), (24 bytes).
    Removing stm32f10x_pwr.o(i.PWR_WakeUpPinCmd), (12 bytes).
    Removing stm32f10x_rcc.o(i.RCC_AHBPeriphClockCmd), (32 bytes).
    Removing stm32f10x_rcc.o(i.RCC_APB1PeriphClockCmd), (32 bytes).
    Removing stm32f10x_rcc.o(i.RCC_APB1PeriphResetCmd), (32 bytes).
    Removing stm32f10x_rcc.o(i.RCC_APB2PeriphResetCmd), (32 bytes).
    Removing stm32f10x_rcc.o(i.RCC_AdjustHSICalibrationValue), (24 bytes).
    Removing stm32f10x_rcc.o(i.RCC_BackupResetCmd), (12 bytes).
    Removing stm32f10x_rcc.o(i.RCC_ClearFlag), (20 bytes).
    Removing stm32f10x_rcc.o(i.RCC_ClearITPendingBit), (12 bytes).
    Removing stm32f10x_rcc.o(i.RCC_ClockSecuritySystemCmd), (12 bytes).
    Removing stm32f10x_rcc.o(i.RCC_DeInit), (76 bytes).
    Removing stm32f10x_rcc.o(i.RCC_GetFlagStatus), (60 bytes).
    Removing stm32f10x_rcc.o(i.RCC_GetITStatus), (24 bytes).
    Removing stm32f10x_rcc.o(i.RCC_GetSYSCLKSource), (16 bytes).
    Removing stm32f10x_rcc.o(i.RCC_HCLKConfig), (24 bytes).
    Removing stm32f10x_rcc.o(i.RCC_HSEConfig), (76 bytes).
    Removing stm32f10x_rcc.o(i.RCC_HSICmd), (12 bytes).
    Removing stm32f10x_rcc.o(i.RCC_ITConfig), (32 bytes).
    Removing stm32f10x_rcc.o(i.RCC_LSEConfig), (52 bytes).
    Removing stm32f10x_rcc.o(i.RCC_LSICmd), (12 bytes).
    Removing stm32f10x_rcc.o(i.RCC_MCOConfig), (12 bytes).
    Removing stm32f10x_rcc.o(i.RCC_PCLK1Config), (24 bytes).
    Removing stm32f10x_rcc.o(i.RCC_PCLK2Config), (24 bytes).
    Removing stm32f10x_rcc.o(i.RCC_PLLCmd), (12 bytes).
    Removing stm32f10x_rcc.o(i.RCC_PLLConfig), (28 bytes).
    Removing stm32f10x_rcc.o(i.RCC_RTCCLKCmd), (12 bytes).
    Removing stm32f10x_rcc.o(i.RCC_RTCCLKConfig), (16 bytes).
    Removing stm32f10x_rcc.o(i.RCC_SYSCLKConfig), (24 bytes).
    Removing stm32f10x_rcc.o(i.RCC_USBCLKConfig), (12 bytes).
    Removing stm32f10x_rcc.o(i.RCC_WaitForHSEStartUp), (56 bytes).
    Removing stm32f10x_rtc.o(i.RTC_ClearFlag), (16 bytes).
    Removing stm32f10x_rtc.o(i.RTC_ClearITPendingBit), (16 bytes).
    Removing stm32f10x_rtc.o(i.RTC_EnterConfigMode), (20 bytes).
    Removing stm32f10x_rtc.o(i.RTC_ExitConfigMode), (20 bytes).
    Removing stm32f10x_rtc.o(i.RTC_GetCounter), (20 bytes).
    Removing stm32f10x_rtc.o(i.RTC_GetDivider), (24 bytes).
    Removing stm32f10x_rtc.o(i.RTC_GetFlagStatus), (24 bytes).
    Removing stm32f10x_rtc.o(i.RTC_GetITStatus), (36 bytes).
    Removing stm32f10x_rtc.o(i.RTC_ITConfig), (32 bytes).
    Removing stm32f10x_rtc.o(i.RTC_SetAlarm), (28 bytes).
    Removing stm32f10x_rtc.o(i.RTC_SetCounter), (28 bytes).
    Removing stm32f10x_rtc.o(i.RTC_SetPrescaler), (32 bytes).
    Removing stm32f10x_rtc.o(i.RTC_WaitForLastTask), (20 bytes).
    Removing stm32f10x_rtc.o(i.RTC_WaitForSynchro), (36 bytes).
    Removing stm32f10x_sdio.o(i.SDIO_CEATAITCmd), (16 bytes).
    Removing stm32f10x_sdio.o(i.SDIO_ClearFlag), (12 bytes).
    Removing stm32f10x_sdio.o(i.SDIO_ClearITPendingBit), (12 bytes).
    Removing stm32f10x_sdio.o(i.SDIO_ClockCmd), (12 bytes).
    Removing stm32f10x_sdio.o(i.SDIO_CmdStructInit), (14 bytes).
    Removing stm32f10x_sdio.o(i.SDIO_CommandCompletionCmd), (12 bytes).
    Removing stm32f10x_sdio.o(i.SDIO_DMACmd), (12 bytes).
    Removing stm32f10x_sdio.o(i.SDIO_DataConfig), (48 bytes).
    Removing stm32f10x_sdio.o(i.SDIO_DataStructInit), (20 bytes).
    Removing stm32f10x_sdio.o(i.SDIO_DeInit), (36 bytes).
    Removing stm32f10x_sdio.o(i.SDIO_GetCommandResponse), (12 bytes).
    Removing stm32f10x_sdio.o(i.SDIO_GetDataCounter), (12 bytes).
    Removing stm32f10x_sdio.o(i.SDIO_GetFIFOCount), (12 bytes).
    Removing stm32f10x_sdio.o(i.SDIO_GetFlagStatus), (24 bytes).
    Removing stm32f10x_sdio.o(i.SDIO_GetITStatus), (24 bytes).
    Removing stm32f10x_sdio.o(i.SDIO_GetPowerState), (16 bytes).
    Removing stm32f10x_sdio.o(i.SDIO_GetResponse), (24 bytes).
    Removing stm32f10x_sdio.o(i.SDIO_ITConfig), (32 bytes).
    Removing stm32f10x_sdio.o(i.SDIO_Init), (48 bytes).
    Removing stm32f10x_sdio.o(i.SDIO_ReadData), (12 bytes).
    Removing stm32f10x_sdio.o(i.SDIO_SendCEATACmd), (12 bytes).
    Removing stm32f10x_sdio.o(i.SDIO_SendCommand), (44 bytes).
    Removing stm32f10x_sdio.o(i.SDIO_SendSDIOSuspendCmd), (12 bytes).
    Removing stm32f10x_sdio.o(i.SDIO_SetPowerState), (28 bytes).
    Removing stm32f10x_sdio.o(i.SDIO_SetSDIOOperation), (12 bytes).
    Removing stm32f10x_sdio.o(i.SDIO_SetSDIOReadWaitMode), (12 bytes).
    Removing stm32f10x_sdio.o(i.SDIO_StartSDIOReadWait), (12 bytes).
    Removing stm32f10x_sdio.o(i.SDIO_StopSDIOReadWait), (12 bytes).
    Removing stm32f10x_sdio.o(i.SDIO_StructInit), (16 bytes).
    Removing stm32f10x_sdio.o(i.SDIO_WriteData), (12 bytes).
    Removing stm32f10x_spi.o(i.I2S_Cmd), (24 bytes).
    Removing stm32f10x_spi.o(i.I2S_Init), (232 bytes).
    Removing stm32f10x_spi.o(i.I2S_StructInit), (20 bytes).
    Removing stm32f10x_spi.o(i.SPI_BiDirectionalLineConfig), (28 bytes).
    Removing stm32f10x_spi.o(i.SPI_CalculateCRC), (24 bytes).
    Removing stm32f10x_spi.o(i.SPI_Cmd), (24 bytes).
    Removing stm32f10x_spi.o(i.SPI_DataSizeConfig), (18 bytes).
    Removing stm32f10x_spi.o(i.SPI_GetCRC), (16 bytes).
    Removing stm32f10x_spi.o(i.SPI_GetCRCPolynomial), (6 bytes).
    Removing stm32f10x_spi.o(i.SPI_I2S_ClearFlag), (6 bytes).
    Removing stm32f10x_spi.o(i.SPI_I2S_ClearITPendingBit), (20 bytes).
    Removing stm32f10x_spi.o(i.SPI_I2S_DMACmd), (18 bytes).
    Removing stm32f10x_spi.o(i.SPI_I2S_DeInit), (88 bytes).
    Removing stm32f10x_spi.o(i.SPI_I2S_GetFlagStatus), (18 bytes).
    Removing stm32f10x_spi.o(i.SPI_I2S_GetITStatus), (52 bytes).
    Removing stm32f10x_spi.o(i.SPI_I2S_ITConfig), (32 bytes).
    Removing stm32f10x_spi.o(i.SPI_I2S_ReceiveData), (6 bytes).
    Removing stm32f10x_spi.o(i.SPI_I2S_SendData), (4 bytes).
    Removing stm32f10x_spi.o(i.SPI_Init), (60 bytes).
    Removing stm32f10x_spi.o(i.SPI_NSSInternalSoftwareConfig), (30 bytes).
    Removing stm32f10x_spi.o(i.SPI_SSOutputCmd), (24 bytes).
    Removing stm32f10x_spi.o(i.SPI_StructInit), (24 bytes).
    Removing stm32f10x_spi.o(i.SPI_TransmitCRC), (10 bytes).
    Removing stm32f10x_tim.o(i.TI1_Config), (128 bytes).
    Removing stm32f10x_tim.o(i.TI2_Config), (152 bytes).
    Removing stm32f10x_tim.o(i.TI3_Config), (144 bytes).
    Removing stm32f10x_tim.o(i.TI4_Config), (152 bytes).
    Removing stm32f10x_tim.o(i.TIM_ARRPreloadConfig), (24 bytes).
    Removing stm32f10x_tim.o(i.TIM_BDTRConfig), (32 bytes).
    Removing stm32f10x_tim.o(i.TIM_BDTRStructInit), (18 bytes).
    Removing stm32f10x_tim.o(i.TIM_CCPreloadControl), (24 bytes).
    Removing stm32f10x_tim.o(i.TIM_CCxCmd), (30 bytes).
    Removing stm32f10x_tim.o(i.TIM_CCxNCmd), (30 bytes).
    Removing stm32f10x_tim.o(i.TIM_ClearFlag), (6 bytes).
    Removing stm32f10x_tim.o(i.TIM_ClearITPendingBit), (6 bytes).
    Removing stm32f10x_tim.o(i.TIM_ClearOC1Ref), (18 bytes).
    Removing stm32f10x_tim.o(i.TIM_ClearOC2Ref), (24 bytes).
    Removing stm32f10x_tim.o(i.TIM_ClearOC3Ref), (18 bytes).
    Removing stm32f10x_tim.o(i.TIM_ClearOC4Ref), (24 bytes).
    Removing stm32f10x_tim.o(i.TIM_Cmd), (24 bytes).
    Removing stm32f10x_tim.o(i.TIM_CounterModeConfig), (18 bytes).
    Removing stm32f10x_tim.o(i.TIM_CtrlPWMOutputs), (30 bytes).
    Removing stm32f10x_tim.o(i.TIM_DMACmd), (18 bytes).
    Removing stm32f10x_tim.o(i.TIM_DMAConfig), (10 bytes).
    Removing stm32f10x_tim.o(i.TIM_DeInit), (488 bytes).
    Removing stm32f10x_tim.o(i.TIM_ETRClockMode1Config), (54 bytes).
    Removing stm32f10x_tim.o(i.TIM_ETRClockMode2Config), (32 bytes).
    Removing stm32f10x_tim.o(i.TIM_ETRConfig), (28 bytes).
    Removing stm32f10x_tim.o(i.TIM_EncoderInterfaceConfig), (66 bytes).
    Removing stm32f10x_tim.o(i.TIM_ForcedOC1Config), (18 bytes).
    Removing stm32f10x_tim.o(i.TIM_ForcedOC2Config), (26 bytes).
    Removing stm32f10x_tim.o(i.TIM_ForcedOC3Config), (18 bytes).
    Removing stm32f10x_tim.o(i.TIM_ForcedOC4Config), (26 bytes).
    Removing stm32f10x_tim.o(i.TIM_GenerateEvent), (4 bytes).
    Removing stm32f10x_tim.o(i.TIM_GetCapture1), (6 bytes).
    Removing stm32f10x_tim.o(i.TIM_GetCapture2), (6 bytes).
    Removing stm32f10x_tim.o(i.TIM_GetCapture3), (6 bytes).
    Removing stm32f10x_tim.o(i.TIM_GetCapture4), (8 bytes).
    Removing stm32f10x_tim.o(i.TIM_GetCounter), (6 bytes).
    Removing stm32f10x_tim.o(i.TIM_GetFlagStatus), (18 bytes).
    Removing stm32f10x_tim.o(i.TIM_GetITStatus), (34 bytes).
    Removing stm32f10x_tim.o(i.TIM_GetPrescaler), (6 bytes).
    Removing stm32f10x_tim.o(i.TIM_ICInit), (172 bytes).
    Removing stm32f10x_tim.o(i.TIM_ICStructInit), (18 bytes).
    Removing stm32f10x_tim.o(i.TIM_ITConfig), (18 bytes).
    Removing stm32f10x_tim.o(i.TIM_ITRxExternalClockConfig), (24 bytes).
    Removing stm32f10x_tim.o(i.TIM_InternalClockConfig), (12 bytes).
    Removing stm32f10x_tim.o(i.TIM_OC1FastConfig), (18 bytes).
    Removing stm32f10x_tim.o(i.TIM_OC1Init), (152 bytes).
    Removing stm32f10x_tim.o(i.TIM_OC1NPolarityConfig), (18 bytes).
    Removing stm32f10x_tim.o(i.TIM_OC1PolarityConfig), (18 bytes).
    Removing stm32f10x_tim.o(i.TIM_OC1PreloadConfig), (18 bytes).
    Removing stm32f10x_tim.o(i.TIM_OC2FastConfig), (26 bytes).
    Removing stm32f10x_tim.o(i.TIM_OC2Init), (164 bytes).
    Removing stm32f10x_tim.o(i.TIM_OC2NPolarityConfig), (26 bytes).
    Removing stm32f10x_tim.o(i.TIM_OC2PolarityConfig), (26 bytes).
    Removing stm32f10x_tim.o(i.TIM_OC2PreloadConfig), (26 bytes).
    Removing stm32f10x_tim.o(i.TIM_OC3FastConfig), (18 bytes).
    Removing stm32f10x_tim.o(i.TIM_OC3Init), (160 bytes).
    Removing stm32f10x_tim.o(i.TIM_OC3NPolarityConfig), (26 bytes).
    Removing stm32f10x_tim.o(i.TIM_OC3PolarityConfig), (26 bytes).
    Removing stm32f10x_tim.o(i.TIM_OC3PreloadConfig), (18 bytes).
    Removing stm32f10x_tim.o(i.TIM_OC4FastConfig), (26 bytes).
    Removing stm32f10x_tim.o(i.TIM_OC4Init), (124 bytes).
    Removing stm32f10x_tim.o(i.TIM_OC4PolarityConfig), (26 bytes).
    Removing stm32f10x_tim.o(i.TIM_OC4PreloadConfig), (26 bytes).
    Removing stm32f10x_tim.o(i.TIM_OCStructInit), (20 bytes).
    Removing stm32f10x_tim.o(i.TIM_PWMIConfig), (124 bytes).
    Removing stm32f10x_tim.o(i.TIM_PrescalerConfig), (6 bytes).
    Removing stm32f10x_tim.o(i.TIM_SelectCCDMA), (24 bytes).
    Removing stm32f10x_tim.o(i.TIM_SelectCOM), (24 bytes).
    Removing stm32f10x_tim.o(i.TIM_SelectHallSensor), (24 bytes).
    Removing stm32f10x_tim.o(i.TIM_SelectInputTrigger), (18 bytes).
    Removing stm32f10x_tim.o(i.TIM_SelectMasterSlaveMode), (18 bytes).
    Removing stm32f10x_tim.o(i.TIM_SelectOCxM), (82 bytes).
    Removing stm32f10x_tim.o(i.TIM_SelectOnePulseMode), (18 bytes).
    Removing stm32f10x_tim.o(i.TIM_SelectOutputTrigger), (18 bytes).
    Removing stm32f10x_tim.o(i.TIM_SelectSlaveMode), (18 bytes).
    Removing stm32f10x_tim.o(i.TIM_SetAutoreload), (4 bytes).
    Removing stm32f10x_tim.o(i.TIM_SetClockDivision), (18 bytes).
    Removing stm32f10x_tim.o(i.TIM_SetCompare1), (4 bytes).
    Removing stm32f10x_tim.o(i.TIM_SetCompare2), (4 bytes).
    Removing stm32f10x_tim.o(i.TIM_SetCompare3), (4 bytes).
    Removing stm32f10x_tim.o(i.TIM_SetCompare4), (6 bytes).
    Removing stm32f10x_tim.o(i.TIM_SetCounter), (4 bytes).
    Removing stm32f10x_tim.o(i.TIM_SetIC1Prescaler), (18 bytes).
    Removing stm32f10x_tim.o(i.TIM_SetIC2Prescaler), (26 bytes).
    Removing stm32f10x_tim.o(i.TIM_SetIC3Prescaler), (18 bytes).
    Removing stm32f10x_tim.o(i.TIM_SetIC4Prescaler), (26 bytes).
    Removing stm32f10x_tim.o(i.TIM_TIxExternalClockConfig), (62 bytes).
    Removing stm32f10x_tim.o(i.TIM_TimeBaseInit), (164 bytes).
    Removing stm32f10x_tim.o(i.TIM_TimeBaseStructInit), (18 bytes).
    Removing stm32f10x_tim.o(i.TIM_UpdateDisableConfig), (24 bytes).
    Removing stm32f10x_tim.o(i.TIM_UpdateRequestConfig), (24 bytes).
    Removing stm32f10x_usart.o(i.USART_ClearFlag), (18 bytes).
    Removing stm32f10x_usart.o(i.USART_ClockInit), (34 bytes).
    Removing stm32f10x_usart.o(i.USART_ClockStructInit), (12 bytes).
    Removing stm32f10x_usart.o(i.USART_DMACmd), (18 bytes).
    Removing stm32f10x_usart.o(i.USART_DeInit), (156 bytes).
    Removing stm32f10x_usart.o(i.USART_HalfDuplexCmd), (24 bytes).
    Removing stm32f10x_usart.o(i.USART_IrDACmd), (24 bytes).
    Removing stm32f10x_usart.o(i.USART_IrDAConfig), (18 bytes).
    Removing stm32f10x_usart.o(i.USART_LINBreakDetectLengthConfig), (18 bytes).
    Removing stm32f10x_usart.o(i.USART_LINCmd), (24 bytes).
    Removing stm32f10x_usart.o(i.USART_OneBitMethodCmd), (24 bytes).
    Removing stm32f10x_usart.o(i.USART_OverSampling8Cmd), (22 bytes).
    Removing stm32f10x_usart.o(i.USART_ReceiverWakeUpCmd), (24 bytes).
    Removing stm32f10x_usart.o(i.USART_SendBreak), (10 bytes).
    Removing stm32f10x_usart.o(i.USART_SetAddress), (18 bytes).
    Removing stm32f10x_usart.o(i.USART_SetGuardTime), (16 bytes).
    Removing stm32f10x_usart.o(i.USART_SetPrescaler), (16 bytes).
    Removing stm32f10x_usart.o(i.USART_SmartCardCmd), (24 bytes).
    Removing stm32f10x_usart.o(i.USART_SmartCardNACKCmd), (24 bytes).
    Removing stm32f10x_usart.o(i.USART_StructInit), (24 bytes).
    Removing stm32f10x_usart.o(i.USART_WakeUpConfig), (18 bytes).
    Removing stm32f10x_wwdg.o(i.WWDG_ClearFlag), (12 bytes).
    Removing stm32f10x_wwdg.o(i.WWDG_DeInit), (22 bytes).
    Removing stm32f10x_wwdg.o(i.WWDG_Enable), (16 bytes).
    Removing stm32f10x_wwdg.o(i.WWDG_EnableIT), (12 bytes).
    Removing stm32f10x_wwdg.o(i.WWDG_GetFlagStatus), (12 bytes).
    Removing stm32f10x_wwdg.o(i.WWDG_SetCounter), (16 bytes).
    Removing stm32f10x_wwdg.o(i.WWDG_SetPrescaler), (24 bytes).
    Removing stm32f10x_wwdg.o(i.WWDG_SetWindowValue), (40 bytes).
    Removing oled.o(i.OLED_Pow), (20 bytes).
    Removing oled.o(i.OLED_ShowBinNum), (62 bytes).
    Removing oled.o(i.OLED_ShowHexNum), (84 bytes).
    Removing oled.o(i.OLED_ShowNum), (68 bytes).
    Removing oled.o(i.OLED_ShowSignedNum), (102 bytes).
    Removing lsens.o(i.Lsens_Init), (40 bytes).
    Removing led.o(i.LED1_Turn), (44 bytes).
    Removing led.o(i.LED2_ON), (20 bytes).
    Removing led.o(i.LED2_Turn), (44 bytes).
    Removing led.o(i.Power_OFF), (20 bytes).
    Removing led.o(i.Power_ON), (20 bytes).

461 unused section(s) (total 18792 bytes) removed from the image.

==============================================================================

Image Symbol Table

    Local Symbols

    Symbol Name                              Value     Ov Type        Size  Object(Section)

    ../clib/../cmprslib/zerorunl2.c          0x00000000   Number         0  __dczerorl2.o ABSOLUTE
    ../clib/microlib/division.c              0x00000000   Number         0  uldiv.o ABSOLUTE
    ../clib/microlib/division.c              0x00000000   Number         0  uidiv.o ABSOLUTE
    ../clib/microlib/init/entry.s            0x00000000   Number         0  entry11a.o ABSOLUTE
    ../clib/microlib/init/entry.s            0x00000000   Number         0  entry11b.o ABSOLUTE
    ../clib/microlib/init/entry.s            0x00000000   Number         0  entry2.o ABSOLUTE
    ../clib/microlib/init/entry.s            0x00000000   Number         0  entry5.o ABSOLUTE
    ../clib/microlib/init/entry.s            0x00000000   Number         0  entry.o ABSOLUTE
    ../clib/microlib/init/entry.s            0x00000000   Number         0  entry7a.o ABSOLUTE
    ../clib/microlib/init/entry.s            0x00000000   Number         0  entry7b.o ABSOLUTE
    ../clib/microlib/init/entry.s            0x00000000   Number         0  entry8b.o ABSOLUTE
    ../clib/microlib/init/entry.s            0x00000000   Number         0  entry9a.o ABSOLUTE
    ../clib/microlib/init/entry.s            0x00000000   Number         0  entry9b.o ABSOLUTE
    ../clib/microlib/init/entry.s            0x00000000   Number         0  entry8a.o ABSOLUTE
    ../clib/microlib/init/entry.s            0x00000000   Number         0  entry10a.o ABSOLUTE
    ../clib/microlib/init/entry.s            0x00000000   Number         0  entry10b.o ABSOLUTE
    ../clib/microlib/longlong.c              0x00000000   Number         0  llsshr.o ABSOLUTE
    ../clib/microlib/longlong.c              0x00000000   Number         0  llushr.o ABSOLUTE
    ../clib/microlib/longlong.c              0x00000000   Number         0  llshl.o ABSOLUTE
    ../clib/microlib/printf/printf.c         0x00000000   Number         0  printf2.o ABSOLUTE
    ../clib/microlib/printf/printf.c         0x00000000   Number         0  printf8.o ABSOLUTE
    ../clib/microlib/printf/printf.c         0x00000000   Number         0  printf7.o ABSOLUTE
    ../clib/microlib/printf/printf.c         0x00000000   Number         0  printf6.o ABSOLUTE
    ../clib/microlib/printf/printf.c         0x00000000   Number         0  printf5.o ABSOLUTE
    ../clib/microlib/printf/printf.c         0x00000000   Number         0  printf3.o ABSOLUTE
    ../clib/microlib/printf/printf.c         0x00000000   Number         0  printfb.o ABSOLUTE
    ../clib/microlib/printf/printf.c         0x00000000   Number         0  printf4.o ABSOLUTE
    ../clib/microlib/printf/printf.c         0x00000000   Number         0  printf1.o ABSOLUTE
    ../clib/microlib/printf/printf.c         0x00000000   Number         0  printf0.o ABSOLUTE
    ../clib/microlib/printf/printf.c         0x00000000   Number         0  printfa.o ABSOLUTE
    ../clib/microlib/printf/stubs.s          0x00000000   Number         0  stubs.o ABSOLUTE
    ../clib/microlib/string/memset.c         0x00000000   Number         0  memseta.o ABSOLUTE
    ../clib/microlib/string/strlen.c         0x00000000   Number         0  strlen.o ABSOLUTE
    ../clib/microlib/string/strstr.c         0x00000000   Number         0  strstr.o ABSOLUTE
    ../clib/microlib/stubs.s                 0x00000000   Number         0  useno.o ABSOLUTE
    ../clib/microlib/stubs.s                 0x00000000   Number         0  iusefp.o ABSOLUTE
    ../fplib/microlib/f2d.c                  0x00000000   Number         0  f2d.o ABSOLUTE
    ../fplib/microlib/fpadd.c                0x00000000   Number         0  fadd.o ABSOLUTE
    ../fplib/microlib/fpadd.c                0x00000000   Number         0  dadd.o ABSOLUTE
    ../fplib/microlib/fpdiv.c                0x00000000   Number         0  fdiv.o ABSOLUTE
    ../fplib/microlib/fpdiv.c                0x00000000   Number         0  ddiv.o ABSOLUTE
    ../fplib/microlib/fpepilogue.c           0x00000000   Number         0  depilogue.o ABSOLUTE
    ../fplib/microlib/fpepilogue.c           0x00000000   Number         0  fepilogue.o ABSOLUTE
    ../fplib/microlib/fpfix.c                0x00000000   Number         0  dfixul.o ABSOLUTE
    ../fplib/microlib/fpflt.c                0x00000000   Number         0  fflti.o ABSOLUTE
    ../fplib/microlib/fpmul.c                0x00000000   Number         0  fmul.o ABSOLUTE
    ../fplib/microlib/fpmul.c                0x00000000   Number         0  dmul.o ABSOLUTE
    ..\CORE\STARTUP\startup_stm32f10x_md.s   0x00000000   Number         0  startup_stm32f10x_md.o ABSOLUTE
    ..\CORE\core_cm3.c                       0x00000000   Number         0  core_cm3.o ABSOLUTE
    ..\HARDWARE\AD.c                         0x00000000   Number         0  ad.o ABSOLUTE
    ..\HARDWARE\LED.c                        0x00000000   Number         0  led.o ABSOLUTE
    ..\HARDWARE\OLED.c                       0x00000000   Number         0  oled.o ABSOLUTE
    ..\HARDWARE\SGP30\sgp30.c                0x00000000   Number         0  sgp30.o ABSOLUTE
    ..\HARDWARE\dht11.c                      0x00000000   Number         0  dht11.o ABSOLUTE
    ..\HARDWARE\lsens.c                      0x00000000   Number         0  lsens.o ABSOLUTE
    ..\STM32F10x_FWLib\src\misc.c            0x00000000   Number         0  misc.o ABSOLUTE
    ..\STM32F10x_FWLib\src\stm32f10x_adc.c   0x00000000   Number         0  stm32f10x_adc.o ABSOLUTE
    ..\STM32F10x_FWLib\src\stm32f10x_bkp.c   0x00000000   Number         0  stm32f10x_bkp.o ABSOLUTE
    ..\STM32F10x_FWLib\src\stm32f10x_can.c   0x00000000   Number         0  stm32f10x_can.o ABSOLUTE
    ..\STM32F10x_FWLib\src\stm32f10x_cec.c   0x00000000   Number         0  stm32f10x_cec.o ABSOLUTE
    ..\STM32F10x_FWLib\src\stm32f10x_crc.c   0x00000000   Number         0  stm32f10x_crc.o ABSOLUTE
    ..\STM32F10x_FWLib\src\stm32f10x_dac.c   0x00000000   Number         0  stm32f10x_dac.o ABSOLUTE
    ..\STM32F10x_FWLib\src\stm32f10x_dbgmcu.c 0x00000000   Number         0  stm32f10x_dbgmcu.o ABSOLUTE
    ..\STM32F10x_FWLib\src\stm32f10x_dma.c   0x00000000   Number         0  stm32f10x_dma.o ABSOLUTE
    ..\STM32F10x_FWLib\src\stm32f10x_exti.c  0x00000000   Number         0  stm32f10x_exti.o ABSOLUTE
    ..\STM32F10x_FWLib\src\stm32f10x_flash.c 0x00000000   Number         0  stm32f10x_flash.o ABSOLUTE
    ..\STM32F10x_FWLib\src\stm32f10x_fsmc.c  0x00000000   Number         0  stm32f10x_fsmc.o ABSOLUTE
    ..\STM32F10x_FWLib\src\stm32f10x_gpio.c  0x00000000   Number         0  stm32f10x_gpio.o ABSOLUTE
    ..\STM32F10x_FWLib\src\stm32f10x_i2c.c   0x00000000   Number         0  stm32f10x_i2c.o ABSOLUTE
    ..\STM32F10x_FWLib\src\stm32f10x_iwdg.c  0x00000000   Number         0  stm32f10x_iwdg.o ABSOLUTE
    ..\STM32F10x_FWLib\src\stm32f10x_pwr.c   0x00000000   Number         0  stm32f10x_pwr.o ABSOLUTE
    ..\STM32F10x_FWLib\src\stm32f10x_rcc.c   0x00000000   Number         0  stm32f10x_rcc.o ABSOLUTE
    ..\STM32F10x_FWLib\src\stm32f10x_rtc.c   0x00000000   Number         0  stm32f10x_rtc.o ABSOLUTE
    ..\STM32F10x_FWLib\src\stm32f10x_sdio.c  0x00000000   Number         0  stm32f10x_sdio.o ABSOLUTE
    ..\STM32F10x_FWLib\src\stm32f10x_spi.c   0x00000000   Number         0  stm32f10x_spi.o ABSOLUTE
    ..\STM32F10x_FWLib\src\stm32f10x_tim.c   0x00000000   Number         0  stm32f10x_tim.o ABSOLUTE
    ..\STM32F10x_FWLib\src\stm32f10x_usart.c 0x00000000   Number         0  stm32f10x_usart.o ABSOLUTE
    ..\STM32F10x_FWLib\src\stm32f10x_wwdg.c  0x00000000   Number         0  stm32f10x_wwdg.o ABSOLUTE
    ..\SYSTEM\delay\delay.c                  0x00000000   Number         0  delay.o ABSOLUTE
    ..\SYSTEM\sys\sys.c                      0x00000000   Number         0  sys.o ABSOLUTE
    ..\SYSTEM\usart\usart.c                  0x00000000   Number         0  usart.o ABSOLUTE
    ..\\CORE\\core_cm3.c                     0x00000000   Number         0  core_cm3.o ABSOLUTE
    ..\\SYSTEM\\sys\\sys.c                   0x00000000   Number         0  sys.o ABSOLUTE
    cdcmple.s                                0x00000000   Number         0  cdcmple.o ABSOLUTE
    cdrcmple.s                               0x00000000   Number         0  cdrcmple.o ABSOLUTE
    dc.s                                     0x00000000   Number         0  dc.o ABSOLUTE
    handlers.s                               0x00000000   Number         0  handlers.o ABSOLUTE
    init.s                                   0x00000000   Number         0  init.o ABSOLUTE
    main.c                                   0x00000000   Number         0  main.o ABSOLUTE
    stm32f10x_it.c                           0x00000000   Number         0  stm32f10x_it.o ABSOLUTE
    system_stm32f10x.c                       0x00000000   Number         0  system_stm32f10x.o ABSOLUTE
    RESET                                    0x08000000   Section      236  startup_stm32f10x_md.o(RESET)
    .ARM.Collect$$$$00000000                 0x080000ec   Section        0  entry.o(.ARM.Collect$$$$00000000)
    .ARM.Collect$$$$00000001                 0x080000ec   Section        4  entry2.o(.ARM.Collect$$$$00000001)
    .ARM.Collect$$$$00000004                 0x080000f0   Section        4  entry5.o(.ARM.Collect$$$$00000004)
    .ARM.Collect$$$$00000008                 0x080000f4   Section        0  entry7b.o(.ARM.Collect$$$$00000008)
    .ARM.Collect$$$$0000000A                 0x080000f4   Section        0  entry8b.o(.ARM.Collect$$$$0000000A)
    .ARM.Collect$$$$0000000B                 0x080000f4   Section        8  entry9a.o(.ARM.Collect$$$$0000000B)
    .ARM.Collect$$$$0000000D                 0x080000fc   Section        0  entry10a.o(.ARM.Collect$$$$0000000D)
    .ARM.Collect$$$$0000000F                 0x080000fc   Section        0  entry11a.o(.ARM.Collect$$$$0000000F)
    .ARM.Collect$$$$00002712                 0x080000fc   Section        4  entry2.o(.ARM.Collect$$$$00002712)
    __lit__00000000                          0x080000fc   Data           4  entry2.o(.ARM.Collect$$$$00002712)
    .text                                    0x08000100   Section       36  startup_stm32f10x_md.o(.text)
    .text                                    0x08000124   Section        0  memseta.o(.text)
    .text                                    0x08000148   Section        0  strstr.o(.text)
    .text                                    0x0800016c   Section        0  strlen.o(.text)
    .text                                    0x0800017a   Section        0  fadd.o(.text)
    .text                                    0x0800022a   Section        0  fmul.o(.text)
    .text                                    0x0800028e   Section        0  fdiv.o(.text)
    .text                                    0x0800030a   Section        0  fflti.o(.text)
    .text                                    0x0800031c   Section        0  f2d.o(.text)
    .text                                    0x08000344   Section       48  cdcmple.o(.text)
    .text                                    0x08000374   Section       48  cdrcmple.o(.text)
    .text                                    0x080003a4   Section        0  uidiv.o(.text)
    .text                                    0x080003d0   Section        0  uldiv.o(.text)
    .text                                    0x08000432   Section        0  fepilogue.o(.text)
    .text                                    0x08000432   Section        0  iusefp.o(.text)
    .text                                    0x080004a0   Section        0  dadd.o(.text)
    .text                                    0x080005ee   Section        0  dmul.o(.text)
    .text                                    0x080006d2   Section        0  ddiv.o(.text)
    .text                                    0x080007b0   Section        0  dfixul.o(.text)
    .text                                    0x080007e0   Section       36  init.o(.text)
    .text                                    0x08000804   Section        0  llshl.o(.text)
    .text                                    0x08000822   Section        0  llushr.o(.text)
    .text                                    0x08000842   Section        0  llsshr.o(.text)
    .text                                    0x08000866   Section        0  depilogue.o(.text)
    .text                                    0x08000920   Section        0  __dczerorl2.o(.text)
    i.ADC_Cmd                                0x08000976   Section        0  stm32f10x_adc.o(i.ADC_Cmd)
    i.ADC_GetCalibrationStatus               0x0800098c   Section        0  stm32f10x_adc.o(i.ADC_GetCalibrationStatus)
    i.ADC_GetConversionValue                 0x080009a0   Section        0  stm32f10x_adc.o(i.ADC_GetConversionValue)
    i.ADC_GetFlagStatus                      0x080009a8   Section        0  stm32f10x_adc.o(i.ADC_GetFlagStatus)
    i.ADC_GetResetCalibrationStatus          0x080009ba   Section        0  stm32f10x_adc.o(i.ADC_GetResetCalibrationStatus)
    i.ADC_Init                               0x080009d0   Section        0  stm32f10x_adc.o(i.ADC_Init)
    i.ADC_RegularChannelConfig               0x08000a20   Section        0  stm32f10x_adc.o(i.ADC_RegularChannelConfig)
    i.ADC_ResetCalibration                   0x08000ad8   Section        0  stm32f10x_adc.o(i.ADC_ResetCalibration)
    i.ADC_SoftwareStartConvCmd               0x08000ae2   Section        0  stm32f10x_adc.o(i.ADC_SoftwareStartConvCmd)
    i.ADC_StartCalibration                   0x08000af8   Section        0  stm32f10x_adc.o(i.ADC_StartCalibration)
    i.AD_GetValue                            0x08000b04   Section        0  ad.o(i.AD_GetValue)
    i.AD_Init                                0x08000b38   Section        0  ad.o(i.AD_Init)
    i.BusFault_Handler                       0x08000bc8   Section        0  stm32f10x_it.o(i.BusFault_Handler)
    i.DHT11_Check                            0x08000bcc   Section        0  dht11.o(i.DHT11_Check)
    DHT11_Check                              0x08000bcd   Thumb Code    86  dht11.o(i.DHT11_Check)
    i.DHT11_Init                             0x08000c28   Section        0  dht11.o(i.DHT11_Init)
    i.DHT11_Read_Bit                         0x08000c5c   Section        0  dht11.o(i.DHT11_Read_Bit)
    DHT11_Read_Bit                           0x08000c5d   Thumb Code    88  dht11.o(i.DHT11_Read_Bit)
    i.DHT11_Read_Byte                        0x08000cb8   Section        0  dht11.o(i.DHT11_Read_Byte)
    DHT11_Read_Byte                          0x08000cb9   Thumb Code    30  dht11.o(i.DHT11_Read_Byte)
    i.DHT11_Read_Data                        0x08000cd6   Section        0  dht11.o(i.DHT11_Read_Data)
    i.DHT11_Rst                              0x08000d30   Section        0  dht11.o(i.DHT11_Rst)
    DHT11_Rst                                0x08000d31   Thumb Code    50  dht11.o(i.DHT11_Rst)
    i.DebugMon_Handler                       0x08000d68   Section        0  stm32f10x_it.o(i.DebugMon_Handler)
    i.GET                                    0x08000d6c   Section        0  usart.o(i.GET)
    i.GPIO_Init                              0x08000db4   Section        0  stm32f10x_gpio.o(i.GPIO_Init)
    i.GPIO_ReadInputDataBit                  0x08000eca   Section        0  stm32f10x_gpio.o(i.GPIO_ReadInputDataBit)
    i.GPIO_ReadOutputDataBit                 0x08000edc   Section        0  stm32f10x_gpio.o(i.GPIO_ReadOutputDataBit)
    i.GPIO_ResetBits                         0x08000eee   Section        0  stm32f10x_gpio.o(i.GPIO_ResetBits)
    i.GPIO_SETIN                             0x08000ef4   Section        0  dht11.o(i.GPIO_SETIN)
    GPIO_SETIN                               0x08000ef5   Thumb Code    16  dht11.o(i.GPIO_SETIN)
    i.GPIO_SETOUT                            0x08000f0c   Section        0  dht11.o(i.GPIO_SETOUT)
    GPIO_SETOUT                              0x08000f0d   Thumb Code    16  dht11.o(i.GPIO_SETOUT)
    i.GPIO_SetBits                           0x08000f24   Section        0  stm32f10x_gpio.o(i.GPIO_SetBits)
    i.GPIO_WriteBit                          0x08000f28   Section        0  stm32f10x_gpio.o(i.GPIO_WriteBit)
    i.Get_Adc_Average                        0x08000f32   Section        0  ad.o(i.Get_Adc_Average)
    i.HardFault_Handler                      0x08000f60   Section        0  stm32f10x_it.o(i.HardFault_Handler)
    i.LED1_OFF                               0x08000f64   Section        0  led.o(i.LED1_OFF)
    i.LED1_ON                                0x08000f78   Section        0  led.o(i.LED1_ON)
    i.LED2_OFF                               0x08000f8c   Section        0  led.o(i.LED2_OFF)
    i.LED_Init                               0x08000fa0   Section        0  led.o(i.LED_Init)
    i.Lsens_Get_Val                          0x0800100c   Section        0  lsens.o(i.Lsens_Get_Val)
    i.MemManage_Handler                      0x08001048   Section        0  stm32f10x_it.o(i.MemManage_Handler)
    i.NMI_Handler                            0x0800104c   Section        0  stm32f10x_it.o(i.NMI_Handler)
    i.NVIC_Init                              0x08001050   Section        0  misc.o(i.NVIC_Init)
    i.NVIC_PriorityGroupConfig               0x080010c0   Section        0  misc.o(i.NVIC_PriorityGroupConfig)
    i.OLED_Clear                             0x080010d4   Section        0  oled.o(i.OLED_Clear)
    i.OLED_I2C_Init                          0x08001100   Section        0  oled.o(i.OLED_I2C_Init)
    i.OLED_I2C_SendByte                      0x0800114c   Section        0  oled.o(i.OLED_I2C_SendByte)
    i.OLED_I2C_Start                         0x0800119c   Section        0  oled.o(i.OLED_I2C_Start)
    i.OLED_I2C_Stop                          0x080011cc   Section        0  oled.o(i.OLED_I2C_Stop)
    i.OLED_Init                              0x080011f4   Section        0  oled.o(i.OLED_Init)
    i.OLED_SetCursor                         0x080012a2   Section        0  oled.o(i.OLED_SetCursor)
    i.OLED_SetPos                            0x080012c4   Section        0  oled.o(i.OLED_SetPos)
    i.OLED_ShowCN                            0x080012ec   Section        0  oled.o(i.OLED_ShowCN)
    i.OLED_ShowChar                          0x08001340   Section        0  oled.o(i.OLED_ShowChar)
    i.OLED_ShowString                        0x080013b4   Section        0  oled.o(i.OLED_ShowString)
    i.OLED_WriteCommand                      0x080013dc   Section        0  oled.o(i.OLED_WriteCommand)
    i.OLED_WriteData                         0x080013fc   Section        0  oled.o(i.OLED_WriteData)
    i.POST                                   0x0800141c   Section        0  usart.o(i.POST)
    i.PendSV_Handler                         0x08001510   Section        0  stm32f10x_it.o(i.PendSV_Handler)
    i.RCC_ADCCLKConfig                       0x08001514   Section        0  stm32f10x_rcc.o(i.RCC_ADCCLKConfig)
    i.RCC_APB2PeriphClockCmd                 0x0800152c   Section        0  stm32f10x_rcc.o(i.RCC_APB2PeriphClockCmd)
    i.RCC_GetClocksFreq                      0x0800154c   Section        0  stm32f10x_rcc.o(i.RCC_GetClocksFreq)
    i.SDA_IN                                 0x08001620   Section        0  sgp30.o(i.SDA_IN)
    i.SDA_OUT                                0x08001644   Section        0  sgp30.o(i.SDA_OUT)
    i.SGP30_GPIO_Init                        0x08001668   Section        0  sgp30.o(i.SGP30_GPIO_Init)
    i.SGP30_IIC_Ack                          0x080016a0   Section        0  sgp30.o(i.SGP30_IIC_Ack)
    i.SGP30_IIC_NAck                         0x080016d8   Section        0  sgp30.o(i.SGP30_IIC_NAck)
    i.SGP30_IIC_Read_Byte                    0x08001710   Section        0  sgp30.o(i.SGP30_IIC_Read_Byte)
    i.SGP30_IIC_Send_Byte                    0x08001774   Section        0  sgp30.o(i.SGP30_IIC_Send_Byte)
    i.SGP30_IIC_Start                        0x080017d8   Section        0  sgp30.o(i.SGP30_IIC_Start)
    i.SGP30_IIC_Stop                         0x08001810   Section        0  sgp30.o(i.SGP30_IIC_Stop)
    i.SGP30_IIC_Wait_Ack                     0x08001844   Section        0  sgp30.o(i.SGP30_IIC_Wait_Ack)
    i.SGP30_Init                             0x0800189c   Section        0  sgp30.o(i.SGP30_Init)
    i.SGP30_Read                             0x080018ac   Section        0  sgp30.o(i.SGP30_Read)
    i.SGP30_Write                            0x080018f4   Section        0  sgp30.o(i.SGP30_Write)
    i.SVC_Handler                            0x08001928   Section        0  stm32f10x_it.o(i.SVC_Handler)
    i.Serial_SendByte                        0x0800192c   Section        0  usart.o(i.Serial_SendByte)
    i.Serial_SendString                      0x0800194c   Section        0  usart.o(i.Serial_SendString)
    i.SetSysClock                            0x08001966   Section        0  system_stm32f10x.o(i.SetSysClock)
    SetSysClock                              0x08001967   Thumb Code     8  system_stm32f10x.o(i.SetSysClock)
    i.SetSysClockTo72                        0x08001970   Section        0  system_stm32f10x.o(i.SetSysClockTo72)
    SetSysClockTo72                          0x08001971   Thumb Code   214  system_stm32f10x.o(i.SetSysClockTo72)
    i.SysTick_CLKSourceConfig                0x08001a50   Section        0  misc.o(i.SysTick_CLKSourceConfig)
    i.SysTick_Handler                        0x08001a78   Section        0  stm32f10x_it.o(i.SysTick_Handler)
    i.SystemInit                             0x08001a7c   Section        0  system_stm32f10x.o(i.SystemInit)
    i.USART1_IRQHandler                      0x08001adc   Section        0  usart.o(i.USART1_IRQHandler)
    i.USART_ClearITPendingBit                0x08001bf4   Section        0  stm32f10x_usart.o(i.USART_ClearITPendingBit)
    i.USART_Cmd                              0x08001c12   Section        0  stm32f10x_usart.o(i.USART_Cmd)
    i.USART_GetFlagStatus                    0x08001c2a   Section        0  stm32f10x_usart.o(i.USART_GetFlagStatus)
    i.USART_GetITStatus                      0x08001c44   Section        0  stm32f10x_usart.o(i.USART_GetITStatus)
    i.USART_ITConfig                         0x08001c98   Section        0  stm32f10x_usart.o(i.USART_ITConfig)
    i.USART_Init                             0x08001ce4   Section        0  stm32f10x_usart.o(i.USART_Init)
    i.USART_ReceiveData                      0x08001dbc   Section        0  stm32f10x_usart.o(i.USART_ReceiveData)
    i.USART_SendData                         0x08001dc6   Section        0  stm32f10x_usart.o(i.USART_SendData)
    i.UsageFault_Handler                     0x08001dce   Section        0  stm32f10x_it.o(i.UsageFault_Handler)
    i.Water_OFF                              0x08001dd4   Section        0  led.o(i.Water_OFF)
    i.Water_ON                               0x08001de8   Section        0  led.o(i.Water_ON)
    i.Wind_OFF                               0x08001dfc   Section        0  led.o(i.Wind_OFF)
    i.Wind_ON                                0x08001e10   Section        0  led.o(i.Wind_ON)
    i.__0printf                              0x08001e24   Section        0  printfa.o(i.__0printf)
    i.__0sprintf                             0x08001e44   Section        0  printfa.o(i.__0sprintf)
    i.__scatterload_copy                     0x08001e6c   Section       14  handlers.o(i.__scatterload_copy)
    i.__scatterload_null                     0x08001e7a   Section        2  handlers.o(i.__scatterload_null)
    i.__scatterload_zeroinit                 0x08001e7c   Section       14  handlers.o(i.__scatterload_zeroinit)
    i._fp_digits                             0x08001e8c   Section        0  printfa.o(i._fp_digits)
    _fp_digits                               0x08001e8d   Thumb Code   366  printfa.o(i._fp_digits)
    i._printf_core                           0x08002010   Section        0  printfa.o(i._printf_core)
    _printf_core                             0x08002011   Thumb Code  1744  printfa.o(i._printf_core)
    i._printf_post_padding                   0x080026ec   Section        0  printfa.o(i._printf_post_padding)
    _printf_post_padding                     0x080026ed   Thumb Code    36  printfa.o(i._printf_post_padding)
    i._printf_pre_padding                    0x08002710   Section        0  printfa.o(i._printf_pre_padding)
    _printf_pre_padding                      0x08002711   Thumb Code    46  printfa.o(i._printf_pre_padding)
    i._sputc                                 0x0800273e   Section        0  printfa.o(i._sputc)
    _sputc                                   0x0800273f   Thumb Code    10  printfa.o(i._sputc)
    i.delay_init                             0x08002748   Section        0  delay.o(i.delay_init)
    i.delay_ms                               0x0800278c   Section        0  delay.o(i.delay_ms)
    i.delay_us                               0x080027d8   Section        0  delay.o(i.delay_us)
    i.fputc                                  0x08002824   Section        0  usart.o(i.fputc)
    i.init                                   0x08002840   Section        0  usart.o(i.init)
    i.main                                   0x08002898   Section        0  main.o(i.main)
    i.uart_init                              0x08002c7c   Section        0  usart.o(i.uart_init)
    .constdata                               0x08002d28   Section     1520  oled.o(.constdata)
    .conststring                             0x08003318   Section      188  usart.o(.conststring)
    .data                                    0x20000000   Section       24  main.o(.data)
    .data                                    0x20000018   Section       20  system_stm32f10x.o(.data)
    .data                                    0x2000002c   Section        4  delay.o(.data)
    fac_us                                   0x2000002c   Data           1  delay.o(.data)
    fac_ms                                   0x2000002e   Data           2  delay.o(.data)
    .data                                    0x20000030   Section        9  usart.o(.data)
    .data                                    0x20000039   Section       20  stm32f10x_rcc.o(.data)
    APBAHBPrescTable                         0x20000039   Data          16  stm32f10x_rcc.o(.data)
    ADCPrescTable                            0x20000049   Data           4  stm32f10x_rcc.o(.data)
    .data                                    0x2000004d   Section      352  oled.o(.data)
    .data                                    0x200001ae   Section        4  dht11.o(.data)
    .bss                                     0x200001b4   Section     1200  usart.o(.bss)
    STACK                                    0x20000668   Section     1024  startup_stm32f10x_md.o(STACK)

    Global Symbols

    Symbol Name                              Value     Ov Type        Size  Object(Section)

    BuildAttributes$$THM_ISAv4$P$D$K$B$S$PE$A:L22UL41UL21$X:L11$S22US41US21$IEEE1$IW$USESV6$~STKCKD$USESV7$~SHL$OTIME$ROPI$EBA8$MICROLIB$REQ8$PRES8$EABIv2 0x00000000   Number         0  anon$$obj.o ABSOLUTE
    __ARM_use_no_argv                        0x00000000   Number         0  main.o ABSOLUTE
    __use_no_errno                           0x00000000   Number         0  useno.o ABSOLUTE
    __use_no_exception_handling              0x00000000   Number         0  useno.o ABSOLUTE
    __use_no_fp                              0x00000000   Number         0  useno.o ABSOLUTE
    __use_no_heap                            0x00000000   Number         0  useno.o ABSOLUTE
    __use_no_heap_region                     0x00000000   Number         0  useno.o ABSOLUTE
    __use_no_semihosting                     0x00000000   Number         0  useno.o ABSOLUTE
    __use_no_semihosting_swi                 0x00000000   Number         0  useno.o ABSOLUTE
    __use_no_signal_handling                 0x00000000   Number         0  useno.o ABSOLUTE
    _printf_a                                0x00000000   Number         0  stubs.o ABSOLUTE
    _printf_c                                0x00000000   Number         0  stubs.o ABSOLUTE
    _printf_charcount                        0x00000000   Number         0  stubs.o ABSOLUTE
    _printf_d                                0x00000000   Number         0  stubs.o ABSOLUTE
    _printf_e                                0x00000000   Number         0  stubs.o ABSOLUTE
    _printf_f                                0x00000000   Number         0  stubs.o ABSOLUTE
    _printf_flags                            0x00000000   Number         0  stubs.o ABSOLUTE
    _printf_fp_dec                           0x00000000   Number         0  stubs.o ABSOLUTE
    _printf_fp_hex                           0x00000000   Number         0  stubs.o ABSOLUTE
    _printf_g                                0x00000000   Number         0  stubs.o ABSOLUTE
    _printf_i                                0x00000000   Number         0  stubs.o ABSOLUTE
    _printf_int_dec                          0x00000000   Number         0  stubs.o ABSOLUTE
    _printf_l                                0x00000000   Number         0  stubs.o ABSOLUTE
    _printf_lc                               0x00000000   Number         0  stubs.o ABSOLUTE
    _printf_ll                               0x00000000   Number         0  stubs.o ABSOLUTE
    _printf_lld                              0x00000000   Number         0  stubs.o ABSOLUTE
    _printf_lli                              0x00000000   Number         0  stubs.o ABSOLUTE
    _printf_llo                              0x00000000   Number         0  stubs.o ABSOLUTE
    _printf_llu                              0x00000000   Number         0  stubs.o ABSOLUTE
    _printf_llx                              0x00000000   Number         0  stubs.o ABSOLUTE
    _printf_longlong_dec                     0x00000000   Number         0  stubs.o ABSOLUTE
    _printf_longlong_hex                     0x00000000   Number         0  stubs.o ABSOLUTE
    _printf_longlong_oct                     0x00000000   Number         0  stubs.o ABSOLUTE
    _printf_ls                               0x00000000   Number         0  stubs.o ABSOLUTE
    _printf_mbtowc                           0x00000000   Number         0  stubs.o ABSOLUTE
    _printf_n                                0x00000000   Number         0  stubs.o ABSOLUTE
    _printf_o                                0x00000000   Number         0  stubs.o ABSOLUTE
    _printf_p                                0x00000000   Number         0  stubs.o ABSOLUTE
    _printf_percent                          0x00000000   Number         0  stubs.o ABSOLUTE
    _printf_pre_padding                      0x00000000   Number         0  stubs.o ABSOLUTE
    _printf_return_value                     0x00000000   Number         0  stubs.o ABSOLUTE
    _printf_s                                0x00000000   Number         0  stubs.o ABSOLUTE
    _printf_sizespec                         0x00000000   Number         0  stubs.o ABSOLUTE
    _printf_str                              0x00000000   Number         0  stubs.o ABSOLUTE
    _printf_truncate_signed                  0x00000000   Number         0  stubs.o ABSOLUTE
    _printf_truncate_unsigned                0x00000000   Number         0  stubs.o ABSOLUTE
    _printf_u                                0x00000000   Number         0  stubs.o ABSOLUTE
    _printf_wc                               0x00000000   Number         0  stubs.o ABSOLUTE
    _printf_wctomb                           0x00000000   Number         0  stubs.o ABSOLUTE
    _printf_widthprec                        0x00000000   Number         0  stubs.o ABSOLUTE
    _printf_x                                0x00000000   Number         0  stubs.o ABSOLUTE
    __cpp_initialize__aeabi_                  - Undefined Weak Reference
    __cxa_finalize                            - Undefined Weak Reference
    _clock_init                               - Undefined Weak Reference
    _microlib_exit                            - Undefined Weak Reference
    __Vectors_Size                           0x000000ec   Number         0  startup_stm32f10x_md.o ABSOLUTE
    __Vectors                                0x08000000   Data           4  startup_stm32f10x_md.o(RESET)
    __Vectors_End                            0x080000ec   Data           0  startup_stm32f10x_md.o(RESET)
    __main                                   0x080000ed   Thumb Code     0  entry.o(.ARM.Collect$$$$00000000)
    _main_stk                                0x080000ed   Thumb Code     0  entry2.o(.ARM.Collect$$$$00000001)
    _main_scatterload                        0x080000f1   Thumb Code     0  entry5.o(.ARM.Collect$$$$00000004)
    __main_after_scatterload                 0x080000f5   Thumb Code     0  entry5.o(.ARM.Collect$$$$00000004)
    _main_clock                              0x080000f5   Thumb Code     0  entry7b.o(.ARM.Collect$$$$00000008)
    _main_cpp_init                           0x080000f5   Thumb Code     0  entry8b.o(.ARM.Collect$$$$0000000A)
    _main_init                               0x080000f5   Thumb Code     0  entry9a.o(.ARM.Collect$$$$0000000B)
    __rt_final_cpp                           0x080000fd   Thumb Code     0  entry10a.o(.ARM.Collect$$$$0000000D)
    __rt_final_exit                          0x080000fd   Thumb Code     0  entry11a.o(.ARM.Collect$$$$0000000F)
    Reset_Handler                            0x08000101   Thumb Code     8  startup_stm32f10x_md.o(.text)
    ADC1_2_IRQHandler                        0x0800011b   Thumb Code     0  startup_stm32f10x_md.o(.text)
    CAN1_RX1_IRQHandler                      0x0800011b   Thumb Code     0  startup_stm32f10x_md.o(.text)
    CAN1_SCE_IRQHandler                      0x0800011b   Thumb Code     0  startup_stm32f10x_md.o(.text)
    DMA1_Channel1_IRQHandler                 0x0800011b   Thumb Code     0  startup_stm32f10x_md.o(.text)
    DMA1_Channel2_IRQHandler                 0x0800011b   Thumb Code     0  startup_stm32f10x_md.o(.text)
    DMA1_Channel3_IRQHandler                 0x0800011b   Thumb Code     0  startup_stm32f10x_md.o(.text)
    DMA1_Channel4_IRQHandler                 0x0800011b   Thumb Code     0  startup_stm32f10x_md.o(.text)
    DMA1_Channel5_IRQHandler                 0x0800011b   Thumb Code     0  startup_stm32f10x_md.o(.text)
    DMA1_Channel6_IRQHandler                 0x0800011b   Thumb Code     0  startup_stm32f10x_md.o(.text)
    DMA1_Channel7_IRQHandler                 0x0800011b   Thumb Code     0  startup_stm32f10x_md.o(.text)
    EXTI0_IRQHandler                         0x0800011b   Thumb Code     0  startup_stm32f10x_md.o(.text)
    EXTI15_10_IRQHandler                     0x0800011b   Thumb Code     0  startup_stm32f10x_md.o(.text)
    EXTI1_IRQHandler                         0x0800011b   Thumb Code     0  startup_stm32f10x_md.o(.text)
    EXTI2_IRQHandler                         0x0800011b   Thumb Code     0  startup_stm32f10x_md.o(.text)
    EXTI3_IRQHandler                         0x0800011b   Thumb Code     0  startup_stm32f10x_md.o(.text)
    EXTI4_IRQHandler                         0x0800011b   Thumb Code     0  startup_stm32f10x_md.o(.text)
    EXTI9_5_IRQHandler                       0x0800011b   Thumb Code     0  startup_stm32f10x_md.o(.text)
    FLASH_IRQHandler                         0x0800011b   Thumb Code     0  startup_stm32f10x_md.o(.text)
    I2C1_ER_IRQHandler                       0x0800011b   Thumb Code     0  startup_stm32f10x_md.o(.text)
    I2C1_EV_IRQHandler                       0x0800011b   Thumb Code     0  startup_stm32f10x_md.o(.text)
    I2C2_ER_IRQHandler                       0x0800011b   Thumb Code     0  startup_stm32f10x_md.o(.text)
    I2C2_EV_IRQHandler                       0x0800011b   Thumb Code     0  startup_stm32f10x_md.o(.text)
    PVD_IRQHandler                           0x0800011b   Thumb Code     0  startup_stm32f10x_md.o(.text)
    RCC_IRQHandler                           0x0800011b   Thumb Code     0  startup_stm32f10x_md.o(.text)
    RTCAlarm_IRQHandler                      0x0800011b   Thumb Code     0  startup_stm32f10x_md.o(.text)
    RTC_IRQHandler                           0x0800011b   Thumb Code     0  startup_stm32f10x_md.o(.text)
    SPI1_IRQHandler                          0x0800011b   Thumb Code     0  startup_stm32f10x_md.o(.text)
    SPI2_IRQHandler                          0x0800011b   Thumb Code     0  startup_stm32f10x_md.o(.text)
    TAMPER_IRQHandler                        0x0800011b   Thumb Code     0  startup_stm32f10x_md.o(.text)
    TIM1_BRK_IRQHandler                      0x0800011b   Thumb Code     0  startup_stm32f10x_md.o(.text)
    TIM1_CC_IRQHandler                       0x0800011b   Thumb Code     0  startup_stm32f10x_md.o(.text)
    TIM1_TRG_COM_IRQHandler                  0x0800011b   Thumb Code     0  startup_stm32f10x_md.o(.text)
    TIM1_UP_IRQHandler                       0x0800011b   Thumb Code     0  startup_stm32f10x_md.o(.text)
    TIM2_IRQHandler                          0x0800011b   Thumb Code     0  startup_stm32f10x_md.o(.text)
    TIM3_IRQHandler                          0x0800011b   Thumb Code     0  startup_stm32f10x_md.o(.text)
    TIM4_IRQHandler                          0x0800011b   Thumb Code     0  startup_stm32f10x_md.o(.text)
    USART2_IRQHandler                        0x0800011b   Thumb Code     0  startup_stm32f10x_md.o(.text)
    USART3_IRQHandler                        0x0800011b   Thumb Code     0  startup_stm32f10x_md.o(.text)
    USBWakeUp_IRQHandler                     0x0800011b   Thumb Code     0  startup_stm32f10x_md.o(.text)
    USB_HP_CAN1_TX_IRQHandler                0x0800011b   Thumb Code     0  startup_stm32f10x_md.o(.text)
    USB_LP_CAN1_RX0_IRQHandler               0x0800011b   Thumb Code     0  startup_stm32f10x_md.o(.text)
    WWDG_IRQHandler                          0x0800011b   Thumb Code     0  startup_stm32f10x_md.o(.text)
    __aeabi_memset                           0x08000125   Thumb Code    14  memseta.o(.text)
    __aeabi_memset4                          0x08000125   Thumb Code     0  memseta.o(.text)
    __aeabi_memset8                          0x08000125   Thumb Code     0  memseta.o(.text)
    __aeabi_memclr                           0x08000133   Thumb Code     4  memseta.o(.text)
    __aeabi_memclr4                          0x08000133   Thumb Code     0  memseta.o(.text)
    __aeabi_memclr8                          0x08000133   Thumb Code     0  memseta.o(.text)
    _memset$wrapper                          0x08000137   Thumb Code    18  memseta.o(.text)
    strstr                                   0x08000149   Thumb Code    36  strstr.o(.text)
    strlen                                   0x0800016d   Thumb Code    14  strlen.o(.text)
    __aeabi_fadd                             0x0800017b   Thumb Code   164  fadd.o(.text)
    __aeabi_fsub                             0x0800021f   Thumb Code     6  fadd.o(.text)
    __aeabi_frsub                            0x08000225   Thumb Code     6  fadd.o(.text)
    __aeabi_fmul                             0x0800022b   Thumb Code   100  fmul.o(.text)
    __aeabi_fdiv                             0x0800028f   Thumb Code   124  fdiv.o(.text)
    __aeabi_i2f                              0x0800030b   Thumb Code    18  fflti.o(.text)
    __aeabi_f2d                              0x0800031d   Thumb Code    38  f2d.o(.text)
    __aeabi_cdcmpeq                          0x08000345   Thumb Code     0  cdcmple.o(.text)
    __aeabi_cdcmple                          0x08000345   Thumb Code    48  cdcmple.o(.text)
    __aeabi_cdrcmple                         0x08000375   Thumb Code    48  cdrcmple.o(.text)
    __aeabi_uidiv                            0x080003a5   Thumb Code     0  uidiv.o(.text)
    __aeabi_uidivmod                         0x080003a5   Thumb Code    44  uidiv.o(.text)
    __aeabi_uldivmod                         0x080003d1   Thumb Code    98  uldiv.o(.text)
    __I$use$fp                               0x08000433   Thumb Code     0  iusefp.o(.text)
    _float_round                             0x08000433   Thumb Code    18  fepilogue.o(.text)
    _float_epilogue                          0x08000445   Thumb Code    92  fepilogue.o(.text)
    __aeabi_dadd                             0x080004a1   Thumb Code   322  dadd.o(.text)
    __aeabi_dsub                             0x080005e3   Thumb Code     6  dadd.o(.text)
    __aeabi_drsub                            0x080005e9   Thumb Code     6  dadd.o(.text)
    __aeabi_dmul                             0x080005ef   Thumb Code   228  dmul.o(.text)
    __aeabi_ddiv                             0x080006d3   Thumb Code   222  ddiv.o(.text)
    __aeabi_d2ulz                            0x080007b1   Thumb Code    48  dfixul.o(.text)
    __scatterload                            0x080007e1   Thumb Code    28  init.o(.text)
    __scatterload_rt2                        0x080007e1   Thumb Code     0  init.o(.text)
    __aeabi_llsl                             0x08000805   Thumb Code    30  llshl.o(.text)
    _ll_shift_l                              0x08000805   Thumb Code     0  llshl.o(.text)
    __aeabi_llsr                             0x08000823   Thumb Code    32  llushr.o(.text)
    _ll_ushift_r                             0x08000823   Thumb Code     0  llushr.o(.text)
    __aeabi_lasr                             0x08000843   Thumb Code    36  llsshr.o(.text)
    _ll_sshift_r                             0x08000843   Thumb Code     0  llsshr.o(.text)
    _double_round                            0x08000867   Thumb Code    30  depilogue.o(.text)
    _double_epilogue                         0x08000885   Thumb Code   156  depilogue.o(.text)
    __decompress                             0x08000921   Thumb Code     0  __dczerorl2.o(.text)
    __decompress1                            0x08000921   Thumb Code    86  __dczerorl2.o(.text)
    ADC_Cmd                                  0x08000977   Thumb Code    22  stm32f10x_adc.o(i.ADC_Cmd)
    ADC_GetCalibrationStatus                 0x0800098d   Thumb Code    20  stm32f10x_adc.o(i.ADC_GetCalibrationStatus)
    ADC_GetConversionValue                   0x080009a1   Thumb Code     8  stm32f10x_adc.o(i.ADC_GetConversionValue)
    ADC_GetFlagStatus                        0x080009a9   Thumb Code    18  stm32f10x_adc.o(i.ADC_GetFlagStatus)
    ADC_GetResetCalibrationStatus            0x080009bb   Thumb Code    20  stm32f10x_adc.o(i.ADC_GetResetCalibrationStatus)
    ADC_Init                                 0x080009d1   Thumb Code    70  stm32f10x_adc.o(i.ADC_Init)
    ADC_RegularChannelConfig                 0x08000a21   Thumb Code   184  stm32f10x_adc.o(i.ADC_RegularChannelConfig)
    ADC_ResetCalibration                     0x08000ad9   Thumb Code    10  stm32f10x_adc.o(i.ADC_ResetCalibration)
    ADC_SoftwareStartConvCmd                 0x08000ae3   Thumb Code    22  stm32f10x_adc.o(i.ADC_SoftwareStartConvCmd)
    ADC_StartCalibration                     0x08000af9   Thumb Code    10  stm32f10x_adc.o(i.ADC_StartCalibration)
    AD_GetValue                              0x08000b05   Thumb Code    46  ad.o(i.AD_GetValue)
    AD_Init                                  0x08000b39   Thumb Code   136  ad.o(i.AD_Init)
    BusFault_Handler                         0x08000bc9   Thumb Code     4  stm32f10x_it.o(i.BusFault_Handler)
    DHT11_Init                               0x08000c29   Thumb Code    42  dht11.o(i.DHT11_Init)
    DHT11_Read_Data                          0x08000cd7   Thumb Code    90  dht11.o(i.DHT11_Read_Data)
    DebugMon_Handler                         0x08000d69   Thumb Code     2  stm32f10x_it.o(i.DebugMon_Handler)
    GET                                      0x08000d6d   Thumb Code    48  usart.o(i.GET)
    GPIO_Init                                0x08000db5   Thumb Code   278  stm32f10x_gpio.o(i.GPIO_Init)
    GPIO_ReadInputDataBit                    0x08000ecb   Thumb Code    18  stm32f10x_gpio.o(i.GPIO_ReadInputDataBit)
    GPIO_ReadOutputDataBit                   0x08000edd   Thumb Code    18  stm32f10x_gpio.o(i.GPIO_ReadOutputDataBit)
    GPIO_ResetBits                           0x08000eef   Thumb Code     4  stm32f10x_gpio.o(i.GPIO_ResetBits)
    GPIO_SetBits                             0x08000f25   Thumb Code     4  stm32f10x_gpio.o(i.GPIO_SetBits)
    GPIO_WriteBit                            0x08000f29   Thumb Code    10  stm32f10x_gpio.o(i.GPIO_WriteBit)
    Get_Adc_Average                          0x08000f33   Thumb Code    46  ad.o(i.Get_Adc_Average)
    HardFault_Handler                        0x08000f61   Thumb Code     4  stm32f10x_it.o(i.HardFault_Handler)
    LED1_OFF                                 0x08000f65   Thumb Code    14  led.o(i.LED1_OFF)
    LED1_ON                                  0x08000f79   Thumb Code    14  led.o(i.LED1_ON)
    LED2_OFF                                 0x08000f8d   Thumb Code    14  led.o(i.LED2_OFF)
    LED_Init                                 0x08000fa1   Thumb Code    98  led.o(i.LED_Init)
    Lsens_Get_Val                            0x0800100d   Thumb Code    60  lsens.o(i.Lsens_Get_Val)
    MemManage_Handler                        0x08001049   Thumb Code     4  stm32f10x_it.o(i.MemManage_Handler)
    NMI_Handler                              0x0800104d   Thumb Code     2  stm32f10x_it.o(i.NMI_Handler)
    NVIC_Init                                0x08001051   Thumb Code   100  misc.o(i.NVIC_Init)
    NVIC_PriorityGroupConfig                 0x080010c1   Thumb Code    10  misc.o(i.NVIC_PriorityGroupConfig)
    OLED_Clear                               0x080010d5   Thumb Code    42  oled.o(i.OLED_Clear)
    OLED_I2C_Init                            0x08001101   Thumb Code    72  oled.o(i.OLED_I2C_Init)
    OLED_I2C_SendByte                        0x0800114d   Thumb Code    74  oled.o(i.OLED_I2C_SendByte)
    OLED_I2C_Start                           0x0800119d   Thumb Code    44  oled.o(i.OLED_I2C_Start)
    OLED_I2C_Stop                            0x080011cd   Thumb Code    34  oled.o(i.OLED_I2C_Stop)
    OLED_Init                                0x080011f5   Thumb Code   174  oled.o(i.OLED_Init)
    OLED_SetCursor                           0x080012a3   Thumb Code    34  oled.o(i.OLED_SetCursor)
    OLED_SetPos                              0x080012c5   Thumb Code    40  oled.o(i.OLED_SetPos)
    OLED_ShowCN                              0x080012ed   Thumb Code    80  oled.o(i.OLED_ShowCN)
    OLED_ShowChar                            0x08001341   Thumb Code   110  oled.o(i.OLED_ShowChar)
    OLED_ShowString                          0x080013b5   Thumb Code    40  oled.o(i.OLED_ShowString)
    OLED_WriteCommand                        0x080013dd   Thumb Code    32  oled.o(i.OLED_WriteCommand)
    OLED_WriteData                           0x080013fd   Thumb Code    32  oled.o(i.OLED_WriteData)
    POST                                     0x0800141d   Thumb Code   102  usart.o(i.POST)
    PendSV_Handler                           0x08001511   Thumb Code     2  stm32f10x_it.o(i.PendSV_Handler)
    RCC_ADCCLKConfig                         0x08001515   Thumb Code    18  stm32f10x_rcc.o(i.RCC_ADCCLKConfig)
    RCC_APB2PeriphClockCmd                   0x0800152d   Thumb Code    26  stm32f10x_rcc.o(i.RCC_APB2PeriphClockCmd)
    RCC_GetClocksFreq                        0x0800154d   Thumb Code   192  stm32f10x_rcc.o(i.RCC_GetClocksFreq)
    SDA_IN                                   0x08001621   Thumb Code    30  sgp30.o(i.SDA_IN)
    SDA_OUT                                  0x08001645   Thumb Code    30  sgp30.o(i.SDA_OUT)
    SGP30_GPIO_Init                          0x08001669   Thumb Code    52  sgp30.o(i.SGP30_GPIO_Init)
    SGP30_IIC_Ack                            0x080016a1   Thumb Code    48  sgp30.o(i.SGP30_IIC_Ack)
    SGP30_IIC_NAck                           0x080016d9   Thumb Code    48  sgp30.o(i.SGP30_IIC_NAck)
    SGP30_IIC_Read_Byte                      0x08001711   Thumb Code    86  sgp30.o(i.SGP30_IIC_Read_Byte)
    SGP30_IIC_Send_Byte                      0x08001775   Thumb Code    92  sgp30.o(i.SGP30_IIC_Send_Byte)
    SGP30_IIC_Start                          0x080017d9   Thumb Code    46  sgp30.o(i.SGP30_IIC_Start)
    SGP30_IIC_Stop                           0x08001811   Thumb Code    44  sgp30.o(i.SGP30_IIC_Stop)
    SGP30_IIC_Wait_Ack                       0x08001845   Thumb Code    74  sgp30.o(i.SGP30_IIC_Wait_Ack)
    SGP30_Init                               0x0800189d   Thumb Code    16  sgp30.o(i.SGP30_Init)
    SGP30_Read                               0x080018ad   Thumb Code    72  sgp30.o(i.SGP30_Read)
    SGP30_Write                              0x080018f5   Thumb Code    52  sgp30.o(i.SGP30_Write)
    SVC_Handler                              0x08001929   Thumb Code     2  stm32f10x_it.o(i.SVC_Handler)
    Serial_SendByte                          0x0800192d   Thumb Code    28  usart.o(i.Serial_SendByte)
    Serial_SendString                        0x0800194d   Thumb Code    26  usart.o(i.Serial_SendString)
    SysTick_CLKSourceConfig                  0x08001a51   Thumb Code    40  misc.o(i.SysTick_CLKSourceConfig)
    SysTick_Handler                          0x08001a79   Thumb Code     2  stm32f10x_it.o(i.SysTick_Handler)
    SystemInit                               0x08001a7d   Thumb Code    78  system_stm32f10x.o(i.SystemInit)
    USART1_IRQHandler                        0x08001add   Thumb Code   210  usart.o(i.USART1_IRQHandler)
    USART_ClearITPendingBit                  0x08001bf5   Thumb Code    30  stm32f10x_usart.o(i.USART_ClearITPendingBit)
    USART_Cmd                                0x08001c13   Thumb Code    24  stm32f10x_usart.o(i.USART_Cmd)
    USART_GetFlagStatus                      0x08001c2b   Thumb Code    26  stm32f10x_usart.o(i.USART_GetFlagStatus)
    USART_GetITStatus                        0x08001c45   Thumb Code    84  stm32f10x_usart.o(i.USART_GetITStatus)
    USART_ITConfig                           0x08001c99   Thumb Code    74  stm32f10x_usart.o(i.USART_ITConfig)
    USART_Init                               0x08001ce5   Thumb Code   210  stm32f10x_usart.o(i.USART_Init)
    USART_ReceiveData                        0x08001dbd   Thumb Code    10  stm32f10x_usart.o(i.USART_ReceiveData)
    USART_SendData                           0x08001dc7   Thumb Code     8  stm32f10x_usart.o(i.USART_SendData)
    UsageFault_Handler                       0x08001dcf   Thumb Code     4  stm32f10x_it.o(i.UsageFault_Handler)
    Water_OFF                                0x08001dd5   Thumb Code    14  led.o(i.Water_OFF)
    Water_ON                                 0x08001de9   Thumb Code    14  led.o(i.Water_ON)
    Wind_OFF                                 0x08001dfd   Thumb Code    14  led.o(i.Wind_OFF)
    Wind_ON                                  0x08001e11   Thumb Code    14  led.o(i.Wind_ON)
    __0printf                                0x08001e25   Thumb Code    22  printfa.o(i.__0printf)
    __1printf                                0x08001e25   Thumb Code     0  printfa.o(i.__0printf)
    __2printf                                0x08001e25   Thumb Code     0  printfa.o(i.__0printf)
    __c89printf                              0x08001e25   Thumb Code     0  printfa.o(i.__0printf)
    printf                                   0x08001e25   Thumb Code     0  printfa.o(i.__0printf)
    __0sprintf                               0x08001e45   Thumb Code    34  printfa.o(i.__0sprintf)
    __1sprintf                               0x08001e45   Thumb Code     0  printfa.o(i.__0sprintf)
    __2sprintf                               0x08001e45   Thumb Code     0  printfa.o(i.__0sprintf)
    __c89sprintf                             0x08001e45   Thumb Code     0  printfa.o(i.__0sprintf)
    sprintf                                  0x08001e45   Thumb Code     0  printfa.o(i.__0sprintf)
    __scatterload_copy                       0x08001e6d   Thumb Code    14  handlers.o(i.__scatterload_copy)
    __scatterload_null                       0x08001e7b   Thumb Code     2  handlers.o(i.__scatterload_null)
    __scatterload_zeroinit                   0x08001e7d   Thumb Code    14  handlers.o(i.__scatterload_zeroinit)
    delay_init                               0x08002749   Thumb Code    50  delay.o(i.delay_init)
    delay_ms                                 0x0800278d   Thumb Code    72  delay.o(i.delay_ms)
    delay_us                                 0x080027d9   Thumb Code    72  delay.o(i.delay_us)
    fputc                                    0x08002825   Thumb Code    24  usart.o(i.fputc)
    init                                     0x08002841   Thumb Code    44  usart.o(i.init)
    main                                     0x08002899   Thumb Code   780  main.o(i.main)
    uart_init                                0x08002c7d   Thumb Code   164  usart.o(i.uart_init)
    OLED_F8x16                               0x08002d28   Data        1520  oled.o(.constdata)
    Region$$Table$$Base                      0x080033d4   Number         0  anon$$obj.o(Region$$Table)
    Region$$Table$$Limit                     0x080033f4   Number         0  anon$$obj.o(Region$$Table)
    temp                                     0x20000000   Data           1  main.o(.data)
    humi                                     0x20000001   Data           1  main.o(.data)
    AD0                                      0x20000002   Data           2  main.o(.data)
    AD1                                      0x20000004   Data           2  main.o(.data)
    raindata                                 0x20000008   Data           4  main.o(.data)
    c                                        0x2000000c   Data           1  main.o(.data)
    d                                        0x2000000d   Data           1  main.o(.data)
    CO2Data                                  0x20000010   Data           4  main.o(.data)
    TVOCData                                 0x20000014   Data           4  main.o(.data)
    SystemCoreClock                          0x20000018   Data           4  system_stm32f10x.o(.data)
    AHBPrescTable                            0x2000001c   Data          16  system_stm32f10x.o(.data)
    __stdout                                 0x20000030   Data           4  usart.o(.data)
    USART_RX_STA                             0x20000034   Data           2  usart.o(.data)
    uart_byte_count                          0x20000036   Data           2  usart.o(.data)
    g_usart1RxFlag                           0x20000038   Data           1  usart.o(.data)
    F16x16                                   0x2000004d   Data         352  oled.o(.data)
    GPIO_InitStructure                       0x200001ae   Data           4  dht11.o(.data)
    USART_RX_BUF                             0x200001b4   Data         200  usart.o(.bss)
    receive_str                              0x2000027c   Data        1000  usart.o(.bss)
    __initial_sp                             0x20000a68   Data           0  startup_stm32f10x_md.o(STACK)



==============================================================================

Memory Map of the image

  Image Entry point : 0x08000101

  Load Region LR_1 (Base: 0x08000000, Size: 0x000035a8, Max: 0xffffffff, ABSOLUTE, COMPRESSED[0x00003514])

    Execution Region ER_RO (Exec base: 0x08000000, Load base: 0x08000000, Size: 0x000033f4, Max: 0xffffffff, ABSOLUTE)

    Exec Addr    Load Addr    Size         Type   Attr      Idx    E Section Name        Object

    0x08000000   0x08000000   0x000000ec   Data   RO          404    RESET               startup_stm32f10x_md.o
    0x080000ec   0x080000ec   0x00000000   Code   RO         3770  * .ARM.Collect$$$$00000000  mc_w.l(entry.o)
    0x080000ec   0x080000ec   0x00000004   Code   RO         4054    .ARM.Collect$$$$00000001  mc_w.l(entry2.o)
    0x080000f0   0x080000f0   0x00000004   Code   RO         4057    .ARM.Collect$$$$00000004  mc_w.l(entry5.o)
    0x080000f4   0x080000f4   0x00000000   Code   RO         4059    .ARM.Collect$$$$00000008  mc_w.l(entry7b.o)
    0x080000f4   0x080000f4   0x00000000   Code   RO         4061    .ARM.Collect$$$$0000000A  mc_w.l(entry8b.o)
    0x080000f4   0x080000f4   0x00000008   Code   RO         4062    .ARM.Collect$$$$0000000B  mc_w.l(entry9a.o)
    0x080000fc   0x080000fc   0x00000000   Code   RO         4064    .ARM.Collect$$$$0000000D  mc_w.l(entry10a.o)
    0x080000fc   0x080000fc   0x00000000   Code   RO         4066    .ARM.Collect$$$$0000000F  mc_w.l(entry11a.o)
    0x080000fc   0x080000fc   0x00000004   Code   RO         4055    .ARM.Collect$$$$00002712  mc_w.l(entry2.o)
    0x08000100   0x08000100   0x00000024   Code   RO          405  * .text               startup_stm32f10x_md.o
    0x08000124   0x08000124   0x00000024   Code   RO         3773    .text               mc_w.l(memseta.o)
    0x08000148   0x08000148   0x00000024   Code   RO         3775    .text               mc_w.l(strstr.o)
    0x0800016c   0x0800016c   0x0000000e   Code   RO         3777    .text               mc_w.l(strlen.o)
    0x0800017a   0x0800017a   0x000000b0   Code   RO         4040    .text               mf_w.l(fadd.o)
    0x0800022a   0x0800022a   0x00000064   Code   RO         4042    .text               mf_w.l(fmul.o)
    0x0800028e   0x0800028e   0x0000007c   Code   RO         4044    .text               mf_w.l(fdiv.o)
    0x0800030a   0x0800030a   0x00000012   Code   RO         4046    .text               mf_w.l(fflti.o)
    0x0800031c   0x0800031c   0x00000026   Code   RO         4048    .text               mf_w.l(f2d.o)
    0x08000342   0x08000342   0x00000002   PAD
    0x08000344   0x08000344   0x00000030   Code   RO         4050    .text               mf_w.l(cdcmple.o)
    0x08000374   0x08000374   0x00000030   Code   RO         4052    .text               mf_w.l(cdrcmple.o)
    0x080003a4   0x080003a4   0x0000002c   Code   RO         4068    .text               mc_w.l(uidiv.o)
    0x080003d0   0x080003d0   0x00000062   Code   RO         4070    .text               mc_w.l(uldiv.o)
    0x08000432   0x08000432   0x00000000   Code   RO         4072    .text               mc_w.l(iusefp.o)
    0x08000432   0x08000432   0x0000006e   Code   RO         4073    .text               mf_w.l(fepilogue.o)
    0x080004a0   0x080004a0   0x0000014e   Code   RO         4075    .text               mf_w.l(dadd.o)
    0x080005ee   0x080005ee   0x000000e4   Code   RO         4077    .text               mf_w.l(dmul.o)
    0x080006d2   0x080006d2   0x000000de   Code   RO         4079    .text               mf_w.l(ddiv.o)
    0x080007b0   0x080007b0   0x00000030   Code   RO         4081    .text               mf_w.l(dfixul.o)
    0x080007e0   0x080007e0   0x00000024   Code   RO         4083    .text               mc_w.l(init.o)
    0x08000804   0x08000804   0x0000001e   Code   RO         4085    .text               mc_w.l(llshl.o)
    0x08000822   0x08000822   0x00000020   Code   RO         4087    .text               mc_w.l(llushr.o)
    0x08000842   0x08000842   0x00000024   Code   RO         4089    .text               mc_w.l(llsshr.o)
    0x08000866   0x08000866   0x000000ba   Code   RO         4091    .text               mf_w.l(depilogue.o)
    0x08000920   0x08000920   0x00000056   Code   RO         4101    .text               mc_w.l(__dczerorl2.o)
    0x08000976   0x08000976   0x00000016   Code   RO          451    i.ADC_Cmd           stm32f10x_adc.o
    0x0800098c   0x0800098c   0x00000014   Code   RO          459    i.ADC_GetCalibrationStatus  stm32f10x_adc.o
    0x080009a0   0x080009a0   0x00000008   Code   RO          460    i.ADC_GetConversionValue  stm32f10x_adc.o
    0x080009a8   0x080009a8   0x00000012   Code   RO          462    i.ADC_GetFlagStatus  stm32f10x_adc.o
    0x080009ba   0x080009ba   0x00000014   Code   RO          465    i.ADC_GetResetCalibrationStatus  stm32f10x_adc.o
    0x080009ce   0x080009ce   0x00000002   PAD
    0x080009d0   0x080009d0   0x00000050   Code   RO          469    i.ADC_Init          stm32f10x_adc.o
    0x08000a20   0x08000a20   0x000000b8   Code   RO          473    i.ADC_RegularChannelConfig  stm32f10x_adc.o
    0x08000ad8   0x08000ad8   0x0000000a   Code   RO          474    i.ADC_ResetCalibration  stm32f10x_adc.o
    0x08000ae2   0x08000ae2   0x00000016   Code   RO          476    i.ADC_SoftwareStartConvCmd  stm32f10x_adc.o
    0x08000af8   0x08000af8   0x0000000a   Code   RO          478    i.ADC_StartCalibration  stm32f10x_adc.o
    0x08000b02   0x08000b02   0x00000002   PAD
    0x08000b04   0x08000b04   0x00000034   Code   RO         3584    i.AD_GetValue       ad.o
    0x08000b38   0x08000b38   0x00000090   Code   RO         3585    i.AD_Init           ad.o
    0x08000bc8   0x08000bc8   0x00000004   Code   RO          142    i.BusFault_Handler  stm32f10x_it.o
    0x08000bcc   0x08000bcc   0x0000005c   Code   RO         3632    i.DHT11_Check       dht11.o
    0x08000c28   0x08000c28   0x00000034   Code   RO         3633    i.DHT11_Init        dht11.o
    0x08000c5c   0x08000c5c   0x0000005c   Code   RO         3634    i.DHT11_Read_Bit    dht11.o
    0x08000cb8   0x08000cb8   0x0000001e   Code   RO         3635    i.DHT11_Read_Byte   dht11.o
    0x08000cd6   0x08000cd6   0x0000005a   Code   RO         3636    i.DHT11_Read_Data   dht11.o
    0x08000d30   0x08000d30   0x00000038   Code   RO         3637    i.DHT11_Rst         dht11.o
    0x08000d68   0x08000d68   0x00000002   Code   RO          143    i.DebugMon_Handler  stm32f10x_it.o
    0x08000d6a   0x08000d6a   0x00000002   PAD
    0x08000d6c   0x08000d6c   0x00000048   Code   RO          320    i.GET               usart.o
    0x08000db4   0x08000db4   0x00000116   Code   RO         1560    i.GPIO_Init         stm32f10x_gpio.o
    0x08000eca   0x08000eca   0x00000012   Code   RO         1564    i.GPIO_ReadInputDataBit  stm32f10x_gpio.o
    0x08000edc   0x08000edc   0x00000012   Code   RO         1566    i.GPIO_ReadOutputDataBit  stm32f10x_gpio.o
    0x08000eee   0x08000eee   0x00000004   Code   RO         1567    i.GPIO_ResetBits    stm32f10x_gpio.o
    0x08000ef2   0x08000ef2   0x00000002   PAD
    0x08000ef4   0x08000ef4   0x00000018   Code   RO         3638    i.GPIO_SETIN        dht11.o
    0x08000f0c   0x08000f0c   0x00000018   Code   RO         3639    i.GPIO_SETOUT       dht11.o
    0x08000f24   0x08000f24   0x00000004   Code   RO         1568    i.GPIO_SetBits      stm32f10x_gpio.o
    0x08000f28   0x08000f28   0x0000000a   Code   RO         1571    i.GPIO_WriteBit     stm32f10x_gpio.o
    0x08000f32   0x08000f32   0x0000002e   Code   RO         3586    i.Get_Adc_Average   ad.o
    0x08000f60   0x08000f60   0x00000004   Code   RO          144    i.HardFault_Handler  stm32f10x_it.o
    0x08000f64   0x08000f64   0x00000014   Code   RO         3686    i.LED1_OFF          led.o
    0x08000f78   0x08000f78   0x00000014   Code   RO         3687    i.LED1_ON           led.o
    0x08000f8c   0x08000f8c   0x00000014   Code   RO         3689    i.LED2_OFF          led.o
    0x08000fa0   0x08000fa0   0x0000006c   Code   RO         3692    i.LED_Init          led.o
    0x0800100c   0x0800100c   0x0000003c   Code   RO         3608    i.Lsens_Get_Val     lsens.o
    0x08001048   0x08001048   0x00000004   Code   RO          145    i.MemManage_Handler  stm32f10x_it.o
    0x0800104c   0x0800104c   0x00000002   Code   RO          146    i.NMI_Handler       stm32f10x_it.o
    0x0800104e   0x0800104e   0x00000002   PAD
    0x08001050   0x08001050   0x00000070   Code   RO          409    i.NVIC_Init         misc.o
    0x080010c0   0x080010c0   0x00000014   Code   RO          410    i.NVIC_PriorityGroupConfig  misc.o
    0x080010d4   0x080010d4   0x0000002a   Code   RO         3463    i.OLED_Clear        oled.o
    0x080010fe   0x080010fe   0x00000002   PAD
    0x08001100   0x08001100   0x0000004c   Code   RO         3464    i.OLED_I2C_Init     oled.o
    0x0800114c   0x0800114c   0x00000050   Code   RO         3465    i.OLED_I2C_SendByte  oled.o
    0x0800119c   0x0800119c   0x00000030   Code   RO         3466    i.OLED_I2C_Start    oled.o
    0x080011cc   0x080011cc   0x00000028   Code   RO         3467    i.OLED_I2C_Stop     oled.o
    0x080011f4   0x080011f4   0x000000ae   Code   RO         3468    i.OLED_Init         oled.o
    0x080012a2   0x080012a2   0x00000022   Code   RO         3470    i.OLED_SetCursor    oled.o
    0x080012c4   0x080012c4   0x00000028   Code   RO         3471    i.OLED_SetPos       oled.o
    0x080012ec   0x080012ec   0x00000054   Code   RO         3473    i.OLED_ShowCN       oled.o
    0x08001340   0x08001340   0x00000074   Code   RO         3474    i.OLED_ShowChar     oled.o
    0x080013b4   0x080013b4   0x00000028   Code   RO         3478    i.OLED_ShowString   oled.o
    0x080013dc   0x080013dc   0x00000020   Code   RO         3479    i.OLED_WriteCommand  oled.o
    0x080013fc   0x080013fc   0x00000020   Code   RO         3480    i.OLED_WriteData    oled.o
    0x0800141c   0x0800141c   0x000000f4   Code   RO          321    i.POST              usart.o
    0x08001510   0x08001510   0x00000002   Code   RO          147    i.PendSV_Handler    stm32f10x_it.o
    0x08001512   0x08001512   0x00000002   PAD
    0x08001514   0x08001514   0x00000018   Code   RO         1974    i.RCC_ADCCLKConfig  stm32f10x_rcc.o
    0x0800152c   0x0800152c   0x00000020   Code   RO         1978    i.RCC_APB2PeriphClockCmd  stm32f10x_rcc.o
    0x0800154c   0x0800154c   0x000000d4   Code   RO         1986    i.RCC_GetClocksFreq  stm32f10x_rcc.o
    0x08001620   0x08001620   0x00000024   Code   RO         3376    i.SDA_IN            sgp30.o
    0x08001644   0x08001644   0x00000024   Code   RO         3377    i.SDA_OUT           sgp30.o
    0x08001668   0x08001668   0x00000038   Code   RO         3378    i.SGP30_GPIO_Init   sgp30.o
    0x080016a0   0x080016a0   0x00000038   Code   RO         3379    i.SGP30_IIC_Ack     sgp30.o
    0x080016d8   0x080016d8   0x00000038   Code   RO         3380    i.SGP30_IIC_NAck    sgp30.o
    0x08001710   0x08001710   0x00000064   Code   RO         3381    i.SGP30_IIC_Read_Byte  sgp30.o
    0x08001774   0x08001774   0x00000064   Code   RO         3382    i.SGP30_IIC_Send_Byte  sgp30.o
    0x080017d8   0x080017d8   0x00000038   Code   RO         3383    i.SGP30_IIC_Start   sgp30.o
    0x08001810   0x08001810   0x00000034   Code   RO         3384    i.SGP30_IIC_Stop    sgp30.o
    0x08001844   0x08001844   0x00000058   Code   RO         3385    i.SGP30_IIC_Wait_Ack  sgp30.o
    0x0800189c   0x0800189c   0x00000010   Code   RO         3386    i.SGP30_Init        sgp30.o
    0x080018ac   0x080018ac   0x00000048   Code   RO         3387    i.SGP30_Read        sgp30.o
    0x080018f4   0x080018f4   0x00000034   Code   RO         3388    i.SGP30_Write       sgp30.o
    0x08001928   0x08001928   0x00000002   Code   RO          148    i.SVC_Handler       stm32f10x_it.o
    0x0800192a   0x0800192a   0x00000002   PAD
    0x0800192c   0x0800192c   0x00000020   Code   RO          322    i.Serial_SendByte   usart.o
    0x0800194c   0x0800194c   0x0000001a   Code   RO          323    i.Serial_SendString  usart.o
    0x08001966   0x08001966   0x00000008   Code   RO          231    i.SetSysClock       system_stm32f10x.o
    0x0800196e   0x0800196e   0x00000002   PAD
    0x08001970   0x08001970   0x000000e0   Code   RO          232    i.SetSysClockTo72   system_stm32f10x.o
    0x08001a50   0x08001a50   0x00000028   Code   RO          413    i.SysTick_CLKSourceConfig  misc.o
    0x08001a78   0x08001a78   0x00000002   Code   RO          149    i.SysTick_Handler   stm32f10x_it.o
    0x08001a7a   0x08001a7a   0x00000002   PAD
    0x08001a7c   0x08001a7c   0x00000060   Code   RO          234    i.SystemInit        system_stm32f10x.o
    0x08001adc   0x08001adc   0x00000118   Code   RO          324    i.USART1_IRQHandler  usart.o
    0x08001bf4   0x08001bf4   0x0000001e   Code   RO         3143    i.USART_ClearITPendingBit  stm32f10x_usart.o
    0x08001c12   0x08001c12   0x00000018   Code   RO         3146    i.USART_Cmd         stm32f10x_usart.o
    0x08001c2a   0x08001c2a   0x0000001a   Code   RO         3149    i.USART_GetFlagStatus  stm32f10x_usart.o
    0x08001c44   0x08001c44   0x00000054   Code   RO         3150    i.USART_GetITStatus  stm32f10x_usart.o
    0x08001c98   0x08001c98   0x0000004a   Code   RO         3152    i.USART_ITConfig    stm32f10x_usart.o
    0x08001ce2   0x08001ce2   0x00000002   PAD
    0x08001ce4   0x08001ce4   0x000000d8   Code   RO         3153    i.USART_Init        stm32f10x_usart.o
    0x08001dbc   0x08001dbc   0x0000000a   Code   RO         3160    i.USART_ReceiveData  stm32f10x_usart.o
    0x08001dc6   0x08001dc6   0x00000008   Code   RO         3163    i.USART_SendData    stm32f10x_usart.o
    0x08001dce   0x08001dce   0x00000004   Code   RO          150    i.UsageFault_Handler  stm32f10x_it.o
    0x08001dd2   0x08001dd2   0x00000002   PAD
    0x08001dd4   0x08001dd4   0x00000014   Code   RO         3695    i.Water_OFF         led.o
    0x08001de8   0x08001de8   0x00000014   Code   RO         3696    i.Water_ON          led.o
    0x08001dfc   0x08001dfc   0x00000014   Code   RO         3697    i.Wind_OFF          led.o
    0x08001e10   0x08001e10   0x00000014   Code   RO         3698    i.Wind_ON           led.o
    0x08001e24   0x08001e24   0x00000020   Code   RO         4012    i.__0printf         mc_w.l(printfa.o)
    0x08001e44   0x08001e44   0x00000028   Code   RO         4014    i.__0sprintf        mc_w.l(printfa.o)
    0x08001e6c   0x08001e6c   0x0000000e   Code   RO         4095    i.__scatterload_copy  mc_w.l(handlers.o)
    0x08001e7a   0x08001e7a   0x00000002   Code   RO         4096    i.__scatterload_null  mc_w.l(handlers.o)
    0x08001e7c   0x08001e7c   0x0000000e   Code   RO         4097    i.__scatterload_zeroinit  mc_w.l(handlers.o)
    0x08001e8a   0x08001e8a   0x00000002   PAD
    0x08001e8c   0x08001e8c   0x00000184   Code   RO         4019    i._fp_digits        mc_w.l(printfa.o)
    0x08002010   0x08002010   0x000006dc   Code   RO         4020    i._printf_core      mc_w.l(printfa.o)
    0x080026ec   0x080026ec   0x00000024   Code   RO         4021    i._printf_post_padding  mc_w.l(printfa.o)
    0x08002710   0x08002710   0x0000002e   Code   RO         4022    i._printf_pre_padding  mc_w.l(printfa.o)
    0x0800273e   0x0800273e   0x0000000a   Code   RO         4024    i._sputc            mc_w.l(printfa.o)
    0x08002748   0x08002748   0x00000044   Code   RO          265    i.delay_init        delay.o
    0x0800278c   0x0800278c   0x0000004c   Code   RO          266    i.delay_ms          delay.o
    0x080027d8   0x080027d8   0x0000004c   Code   RO          267    i.delay_us          delay.o
    0x08002824   0x08002824   0x0000001c   Code   RO          326    i.fputc             usart.o
    0x08002840   0x08002840   0x00000058   Code   RO          327    i.init              usart.o
    0x08002898   0x08002898   0x000003e4   Code   RO            1    i.main              main.o
    0x08002c7c   0x08002c7c   0x000000ac   Code   RO          328    i.uart_init         usart.o
    0x08002d28   0x08002d28   0x000005f0   Data   RO         3481    .constdata          oled.o
    0x08003318   0x08003318   0x000000bc   Data   RO          330    .conststring        usart.o
    0x080033d4   0x080033d4   0x00000020   Data   RO         4093    Region$$Table       anon$$obj.o


    Execution Region ER_RW (Exec base: 0x20000000, Load base: 0x080033f4, Size: 0x000001b4, Max: 0xffffffff, ABSOLUTE, COMPRESSED[0x00000120])

    Exec Addr    Load Addr    Size         Type   Attr      Idx    E Section Name        Object

    0x20000000   COMPRESSED   0x00000018   Data   RW            2    .data               main.o
    0x20000018   COMPRESSED   0x00000014   Data   RW          235    .data               system_stm32f10x.o
    0x2000002c   COMPRESSED   0x00000004   Data   RW          268    .data               delay.o
    0x20000030   COMPRESSED   0x00000009   Data   RW          331    .data               usart.o
    0x20000039   COMPRESSED   0x00000014   Data   RW         2006    .data               stm32f10x_rcc.o
    0x2000004d   COMPRESSED   0x00000160   Data   RW         3482    .data               oled.o
    0x200001ad   COMPRESSED   0x00000001   PAD
    0x200001ae   COMPRESSED   0x00000004   Data   RW         3640    .data               dht11.o


    Execution Region ER_ZI (Exec base: 0x200001b4, Load base: 0x08003514, Size: 0x000008b4, Max: 0xffffffff, ABSOLUTE)

    Exec Addr    Load Addr    Size         Type   Attr      Idx    E Section Name        Object

    0x200001b4        -       0x000004b0   Zero   RW          329    .bss                usart.o
    0x20000664   0x08003514   0x00000004   PAD
    0x20000668        -       0x00000400   Zero   RW          402    STACK               startup_stm32f10x_md.o


==============================================================================

Image component sizes


      Code (inc. data)   RO Data    RW Data    ZI Data      Debug   Object Name

       242         14          0          0          0       1686   ad.o
       220         26          0          4          0       1635   delay.o
       460         42          0          4          0       4472   dht11.o
       248         52          0          0          0       3355   led.o
        60          0          0          0          0        532   lsens.o
       996        216          0         24          0     241449   main.o
       172         22          0          0          0       1977   misc.o
       838         30       1520        352          0       7954   oled.o
       776         86          0          0          0       6614   sgp30.o
        36          8        236          0       1024        780   startup_stm32f10x_md.o
       394         10          0          0          0       7809   stm32f10x_adc.o
       332          0          0          0          0       4725   stm32f10x_gpio.o
        26          0          0          0          0       3522   stm32f10x_it.o
       268         32          0         20          0       4308   stm32f10x_rcc.o
       472          6          0          0          0       6631   stm32f10x_usart.o
         0          0          0          0          0         32   sys.o
       328         28          0         20          0       1985   system_stm32f10x.o
       942        296        188          9       1200       6617   usart.o

    ----------------------------------------------------------------------
      6834        868       1976        436       2228     306083   Object Totals
         0          0         32          0          0          0   (incl. Generated)
        24          0          0          3          4          0   (incl. Padding)

    ----------------------------------------------------------------------

      Code (inc. data)   RO Data    RW Data    ZI Data      Debug   Library Member Name

        86          0          0          0          0          0   __dczerorl2.o
         0          0          0          0          0          0   entry.o
         0          0          0          0          0          0   entry10a.o
         0          0          0          0          0          0   entry11a.o
         8          4          0          0          0          0   entry2.o
         4          0          0          0          0          0   entry5.o
         0          0          0          0          0          0   entry7b.o
         0          0          0          0          0          0   entry8b.o
         8          4          0          0          0          0   entry9a.o
        30          0          0          0          0          0   handlers.o
        36          8          0          0          0         68   init.o
         0          0          0          0          0          0   iusefp.o
        30          0          0          0          0         68   llshl.o
        36          0          0          0          0         68   llsshr.o
        32          0          0          0          0         68   llushr.o
        36          0          0          0          0        108   memseta.o
      2308         96          0          0          0        604   printfa.o
        14          0          0          0          0         68   strlen.o
        36          0          0          0          0         80   strstr.o
        44          0          0          0          0         80   uidiv.o
        98          0          0          0          0         92   uldiv.o
        48          0          0          0          0         68   cdcmple.o
        48          0          0          0          0         68   cdrcmple.o
       334          0          0          0          0        148   dadd.o
       222          0          0          0          0        100   ddiv.o
       186          0          0          0          0        176   depilogue.o
        48          0          0          0          0         68   dfixul.o
       228          0          0          0          0         96   dmul.o
        38          0          0          0          0         68   f2d.o
       176          0          0          0          0        140   fadd.o
       124          0          0          0          0         88   fdiv.o
       110          0          0          0          0        168   fepilogue.o
        18          0          0          0          0         68   fflti.o
       100          0          0          0          0         76   fmul.o

    ----------------------------------------------------------------------
      4490        112          0          0          0       2636   Library Totals
         4          0          0          0          0          0   (incl. Padding)

    ----------------------------------------------------------------------

      Code (inc. data)   RO Data    RW Data    ZI Data      Debug   Library Name

      2806        112          0          0          0       1304   mc_w.l
      1680          0          0          0          0       1332   mf_w.l

    ----------------------------------------------------------------------
      4490        112          0          0          0       2636   Library Totals

    ----------------------------------------------------------------------

==============================================================================


      Code (inc. data)   RO Data    RW Data    ZI Data      Debug   

     11324        980       1976        436       2228     302555   Grand Totals
     11324        980       1976        288       2228     302555   ELF Image Totals (compressed)
     11324        980       1976        288          0          0   ROM Totals

==============================================================================

    Total RO  Size (Code + RO Data)                13300 (  12.99kB)
    Total RW  Size (RW Data + ZI Data)              2664 (   2.60kB)
    Total ROM Size (Code + RO Data + RW Data)      13588 (  13.27kB)

==============================================================================

